C51 COMPILER V9.56.0.0   README                                                            12/31/2023 13:28:05 PAGE 1   


C51 COMPILER V9.56.0.0, COMPILATION OF MODULE README
OBJECT MODULE PLACED IN readme.OBJ
COMPILER INVOKED BY: E:\keli\C51\BIN\C51.EXE readme.c OMF2 OPTIMIZE(8,SPEED) BROWSE DEBUG

line level    source

   1          /*
   2          固件下载说明
   3          使用STC-ISP6.86或者以上版本
   4          单片机型号:STC8F2K16S2
   5          IRC频率:必须设置为11.0592MHz
   6          其它选项默认即可
   7          
   8          
   9          */


MODULE INFORMATION:   STATIC OVERLAYABLE
   CODE SIZE        =   ----    ----
   CONSTANT SIZE    =   ----    ----
   XDATA SIZE       =   ----    ----
   PDATA SIZE       =   ----    ----
   DATA SIZE        =   ----    ----
   IDATA SIZE       =   ----    ----
   BIT SIZE         =   ----    ----
   EDATA SIZE       =   ----    ----
   HDATA SIZE       =   ----    ----
   XDATA CONST SIZE =   ----    ----
   FAR CONST SIZE   =   ----    ----
END OF MODULE INFORMATION.


C51 COMPILATION COMPLETE.  0 WARNING(S),  0 ERROR(S)
