Component: ARM Compiler 5.06 update 6 (build 750) Tool: armlink [4d35ed]

==============================================================================

Section Cross References

    main.o(.text) refers to _printf_pad.o(.text) for _printf_pre_padding
    main.o(.text) refers to _printf_percent.o(.ARM.Collect$$_printf_percent$$00000000) for _printf_percent
    main.o(.text) refers to _printf_f.o(.ARM.Collect$$_printf_percent$$00000003) for _printf_f
    main.o(.text) refers to printf1.o(x$fpl$printf1) for _printf_fp_dec
    main.o(.text) refers to lcd.o(.text) for LCD_Clear
    main.o(.text) refers to key.o(.text) for KEY_Scan
    main.o(.text) refers to touch.o(.text) for TP_Draw_Big_Point
    main.o(.text) refers to delay.o(.text) for delay_ms
    main.o(.text) refers to misc.o(.text) for NVIC_PriorityGroupConfig
    main.o(.text) refers to usart.o(.text) for uart_init
    main.o(.text) refers to led.o(.text) for LED_Init
    main.o(.text) refers to lcd.o(.data) for POINT_COLOR
    main.o(.text) refers to lcd.o(.bss) for lcddev
    main.o(.text) refers to touch.o(.data) for tp_dev
    main.o(.text) refers to main.o(.constdata) for POINT_COLOR_TBL
    main.o(.text) refers to mlx90640.o(.text) for MLX90640_I2CInit
    main.o(.text) refers to f2d.o(x$fpl$f2d) for __aeabi_f2d
    main.o(.text) refers to noretval__2sprintf.o(.text) for __2sprintf
    main.o(.text) refers to daddsub_clz.o(x$fpl$dsub) for __aeabi_dsub
    main.o(.text) refers to d2f.o(x$fpl$d2f) for __aeabi_d2f
    main.o(.text) refers to mlx90640_exfun.o(.text) for PolynomialInterpolation_Matrix
    main.o(.text) refers to main.o(.bss) for Datas_n16
    main.o(.text) refers to main.o(.data) for statusRegister
    system_stm32f4xx.o(.text) refers to system_stm32f4xx.o(.data) for SystemCoreClock
    led.o(.text) refers to stm32f4xx_rcc.o(.text) for RCC_AHB1PeriphClockCmd
    led.o(.text) refers to stm32f4xx_gpio.o(.text) for GPIO_Init
    lcd.o(.text) refers to delay.o(.text) for delay_us
    lcd.o(.text) refers to lcd.o(.bss) for lcddev
    lcd.o(.text) refers to lcd.o(.data) for POINT_COLOR
    lcd.o(.text) refers to dflt_clz.o(x$fpl$dfltu) for __aeabi_ui2d
    lcd.o(.text) refers to dmul.o(x$fpl$dmul) for __aeabi_dmul
    lcd.o(.text) refers to dfixu.o(x$fpl$dfixu) for __aeabi_d2uiz
    lcd.o(.text) refers to stm32f4xx_rcc.o(.text) for RCC_AHB1PeriphClockCmd
    lcd.o(.text) refers to stm32f4xx_gpio.o(.text) for GPIO_Init
    lcd.o(.text) refers to stm32f4xx_fsmc.o(.text) for FSMC_NORSRAMInit
    lcd.o(.text) refers to lcd.o(.constdata) for asc2_1206
    key.o(.text) refers to stm32f4xx_rcc.o(.text) for RCC_AHB1PeriphClockCmd
    key.o(.text) refers to stm32f4xx_gpio.o(.text) for GPIO_Init
    key.o(.text) refers to delay.o(.text) for delay_ms
    key.o(.text) refers to key.o(.data) for key_up
    myiic.o(.text) refers to stm32f4xx_rcc.o(.text) for RCC_AHB1PeriphClockCmd
    myiic.o(.text) refers to stm32f4xx_gpio.o(.text) for GPIO_Init
    myiic.o(.text) refers to delay.o(.text) for delay_us
    24cxx.o(.text) refers to myiic.o(.text) for IIC_Init
    24cxx.o(.text) refers to delay.o(.text) for delay_ms
    ctiic.o(.text) refers to delay.o(.text) for delay_us
    ctiic.o(.text) refers to stm32f4xx_rcc.o(.text) for RCC_AHB1PeriphClockCmd
    ctiic.o(.text) refers to stm32f4xx_gpio.o(.text) for GPIO_Init
    gt9147.o(.text) refers to _printf_percent.o(.ARM.Collect$$_printf_percent$$00000000) for _printf_percent
    gt9147.o(.text) refers to _printf_s.o(.ARM.Collect$$_printf_percent$$00000014) for _printf_s
    gt9147.o(.text) refers to _printf_str.o(.text) for _printf_str
    gt9147.o(.text) refers to _printf_d.o(.ARM.Collect$$_printf_percent$$00000009) for _printf_d
    gt9147.o(.text) refers to _printf_dec.o(.text) for _printf_int_dec
    gt9147.o(.text) refers to ctiic.o(.text) for CT_IIC_Start
    gt9147.o(.text) refers to stm32f4xx_rcc.o(.text) for RCC_AHB1PeriphClockCmd
    gt9147.o(.text) refers to stm32f4xx_gpio.o(.text) for GPIO_Init
    gt9147.o(.text) refers to delay.o(.text) for delay_ms
    gt9147.o(.text) refers to noretval__2printf.o(.text) for __2printf
    gt9147.o(.text) refers to strcmpv7m.o(.text) for strcmp
    gt9147.o(.text) refers to gt9147.o(.constdata) for GT9147_CFG_TBL
    gt9147.o(.text) refers to gt9147.o(.data) for t
    gt9147.o(.text) refers to touch.o(.data) for tp_dev
    gt9147.o(.text) refers to lcd.o(.bss) for lcddev
    ott2001a.o(.text) refers to _printf_percent.o(.ARM.Collect$$_printf_percent$$00000000) for _printf_percent
    ott2001a.o(.text) refers to _printf_x.o(.ARM.Collect$$_printf_percent$$0000000C) for _printf_x
    ott2001a.o(.text) refers to _printf_hex_int.o(.text) for _printf_longlong_hex
    ott2001a.o(.text) refers to ctiic.o(.text) for CT_IIC_Start
    ott2001a.o(.text) refers to stm32f4xx_rcc.o(.text) for RCC_AHB1PeriphClockCmd
    ott2001a.o(.text) refers to stm32f4xx_gpio.o(.text) for GPIO_Init
    ott2001a.o(.text) refers to delay.o(.text) for delay_ms
[...]
    t                                        0x20000051   Data           1  gt9147.o(.data)
    .data                                    0x20000052   Section        1  ott2001a.o(.data)
    t                                        0x20000052   Data           1  ott2001a.o(.data)
    .data                                    0x20000053   Section        1  ft5206.o(.data)
    t                                        0x20000053   Data           1  ft5206.o(.data)
    .data                                    0x20000054   Section       54  touch.o(.data)
    .data                                    0x2000008a   Section        4  delay.o(.data)
    fac_us                                   0x2000008a   Data           1  delay.o(.data)
    fac_ms                                   0x2000008c   Data           2  delay.o(.data)
    .data                                    0x20000090   Section        6  usart.o(.data)
    .data                                    0x20000096   Section       16  stm32f4xx_rcc.o(.data)
    APBAHBPrescTable                         0x20000096   Data          16  stm32f4xx_rcc.o(.data)
    .bss                                     0x200000a8   Section    64756  main.o(.bss)
    .bss                                     0x2000fd9c   Section       14  lcd.o(.bss)
    .bss                                     0x2000fdaa   Section      200  usart.o(.bss)
    .bss                                     0x2000fe74   Section       96  libspace.o(.bss)
    HEAP                                     0x2000fed8   Section      512  startup_stm32f40_41xxx.o(HEAP)
    Heap_Mem                                 0x2000fed8   Data         512  startup_stm32f40_41xxx.o(HEAP)
    STACK                                    0x200100d8   Section     1024  startup_stm32f40_41xxx.o(STACK)
    Stack_Mem                                0x200100d8   Data        1024  startup_stm32f40_41xxx.o(STACK)
    __initial_sp                             0x200104d8   Data           0  startup_stm32f40_41xxx.o(STACK)

    Global Symbols

    Symbol Name                              Value     Ov Type        Size  Object(Section)

    BuildAttributes$$THM_ISAv4$E$P$D$K$B$S$7EM$VFPi3$EXTD16$VFPS$VFMA$PE$A:L22UL41UL21$X:L11$S22US41US21$IEEE1$IW$USESV6$~STKCKD$USESV7$~SHL$OTIME$ROPI$IEEEX$EBA8$UX$STANDARDLIB$REQ8$PRES8$EABIv2 0x00000000   Number         0  anon$$obj.o ABSOLUTE
    __ARM_use_no_argv                        0x00000000   Number         0  main.o ABSOLUTE
    _printf_flags                            0x00000000   Number         0  printf_stubs.o ABSOLUTE
    _printf_return_value                     0x00000000   Number         0  printf_stubs.o ABSOLUTE
    _printf_sizespec                         0x00000000   Number         0  printf_stubs.o ABSOLUTE
    _printf_widthprec                        0x00000000   Number         0  printf_stubs.o ABSOLUTE
    __ARM_exceptions_init                     - Undefined Weak Reference
    __alloca_initialize                       - Undefined Weak Reference
    __arm_preinit_                            - Undefined Weak Reference
    __cpp_initialize__aeabi_                  - Undefined Weak Reference
    __cxa_finalize                            - Undefined Weak Reference
    __sigvec_lookup                           - Undefined Weak Reference
    _atexit_init                              - Undefined Weak Reference
    _call_atexit_fns                          - Undefined Weak Reference
    _clock_init                               - Undefined Weak Reference
    _fp_trap_init                             - Undefined Weak Reference
    _fp_trap_shutdown                         - Undefined Weak Reference
    _get_lc_collate                           - Undefined Weak Reference
    _get_lc_ctype                             - Undefined Weak Reference
    _get_lc_monetary                          - Undefined Weak Reference
    _get_lc_time                              - Undefined Weak Reference
    _getenv_init                              - Undefined Weak Reference
    _handle_redirection                       - Undefined Weak Reference
    _init_alloc                               - Undefined Weak Reference
    _init_user_alloc                          - Undefined Weak Reference
    _initio                                   - Undefined Weak Reference
    _mutex_acquire                            - Undefined Weak Reference
    _mutex_release                            - Undefined Weak Reference
    _printf_mbtowc                            - Undefined Weak Reference
    _printf_truncate_signed                   - Undefined Weak Reference
    _printf_truncate_unsigned                 - Undefined Weak Reference
    _rand_init                                - Undefined Weak Reference
    _signal_finish                            - Undefined Weak Reference
    _signal_init                              - Undefined Weak Reference
    _terminate_alloc                          - Undefined Weak Reference
    _terminate_user_alloc                     - Undefined Weak Reference
    _terminateio                              - Undefined Weak Reference
    __Vectors_Size                           0x00000188   Number         0  startup_stm32f40_41xxx.o ABSOLUTE
    __Vectors                                0x08000000   Data           4  startup_stm32f40_41xxx.o(RESET)
    __Vectors_End                            0x08000188   Data           0  startup_stm32f40_41xxx.o(RESET)
    __main                                   0x08000189   Thumb Code     8  __main.o(!!!main)
    __scatterload                            0x08000191   Thumb Code     0  __scatter.o(!!!scatter)
    __scatterload_rt2                        0x08000191   Thumb Code    44  __scatter.o(!!!scatter)
    __scatterload_rt2_thumb_only             0x08000191   Thumb Code     0  __scatter.o(!!!scatter)
    __scatterload_null                       0x0800019f   Thumb Code     0  __scatter.o(!!!scatter)
    __scatterload_copy                       0x080001c5   Thumb Code    26  __scatter_copy.o(!!handler_copy)
    __scatterload_zeroinit                   0x080001e1   Thumb Code    28  __scatter_zi.o(!!handler_zi)
    _printf_f                                0x080001fd   Thumb Code     0  _printf_f.o(.ARM.Collect$$_printf_percent$$00000003)
    _printf_percent                          0x080001fd   Thumb Code     0  _printf_percent.o(.ARM.Collect$$_printf_percent$$00000000)
    _printf_d                                0x08000203   Thumb Code     0  _printf_d.o(.ARM.Collect$$_printf_percent$$00000009)
    _printf_x                                0x08000209   Thumb Code     0  _printf_x.o(.ARM.Collect$$_printf_percent$$0000000C)
    _printf_s                                0x0800020f   Thumb Code     0  _printf_s.o(.ARM.Collect$$_printf_percent$$00000014)
    _printf_percent_end                      0x08000215   Thumb Code     0  _printf_percent_end.o(.ARM.Collect$$_printf_percent$$00000017)
    __rt_lib_init                            0x08000219   Thumb Code     0  libinit.o(.ARM.Collect$$libinit$$00000000)
    __rt_lib_init_fp_1                       0x0800021b   Thumb Code     0  libinit2.o(.ARM.Collect$$libinit$$00000001)
    __rt_lib_init_heap_1                     0x0800021f   Thumb Code     0  libinit2.o(.ARM.Collect$$libinit$$0000000A)
    __rt_lib_init_lc_common                  0x0800021f   Thumb Code     0  libinit2.o(.ARM.Collect$$libinit$$0000000F)
    __rt_lib_init_preinit_1                  0x0800021f   Thumb Code     0  libinit2.o(.ARM.Collect$$libinit$$00000004)
    __rt_lib_init_rand_1                     0x0800021f   Thumb Code     0  libinit2.o(.ARM.Collect$$libinit$$0000000E)
    __rt_lib_init_user_alloc_1               0x0800021f   Thumb Code     0  libinit2.o(.ARM.Collect$$libinit$$0000000C)
    __rt_lib_init_lc_collate_1               0x08000225   Thumb Code     0  libinit2.o(.ARM.Collect$$libinit$$00000011)
    __rt_lib_init_lc_ctype_1                 0x08000225   Thumb Code     0  libinit2.o(.ARM.Collect$$libinit$$00000013)
    __rt_lib_init_lc_monetary_1              0x08000225   Thumb Code     0  libinit2.o(.ARM.Collect$$libinit$$00000015)
    __rt_lib_init_lc_numeric_2               0x08000225   Thumb Code     0  libinit2.o(.ARM.Collect$$libinit$$00000016)
    __rt_lib_init_alloca_1                   0x0800022f   Thumb Code     0  libinit2.o(.ARM.Collect$$libinit$$0000002E)
    __rt_lib_init_argv_1                     0x0800022f   Thumb Code     0  libinit2.o(.ARM.Collect$$libinit$$0000002C)
    __rt_lib_init_atexit_1                   0x0800022f   Thumb Code     0  libinit2.o(.ARM.Collect$$libinit$$0000001B)
    __rt_lib_init_clock_1                    0x0800022f   Thumb Code     0  libinit2.o(.ARM.Collect$$libinit$$00000021)
    __rt_lib_init_cpp_1                      0x0800022f   Thumb Code     0  libinit2.o(.ARM.Collect$$libinit$$00000032)
    __rt_lib_init_exceptions_1               0x0800022f   Thumb Code     0  libinit2.o(.ARM.Collect$$libinit$$00000030)
    __rt_lib_init_fp_trap_1                  0x0800022f   Thumb Code     0  libinit2.o(.ARM.Collect$$libinit$$0000001F)
    __rt_lib_init_getenv_1                   0x0800022f   Thumb Code     0  libinit2.o(.ARM.Collect$$libinit$$00000023)
    __rt_lib_init_lc_numeric_1               0x0800022f   Thumb Code     0  libinit2.o(.ARM.Collect$$libinit$$00000017)
    __rt_lib_init_lc_time_1                  0x0800022f   Thumb Code     0  libinit2.o(.ARM.Collect$$libinit$$00000019)
    __rt_lib_init_return                     0x0800022f   Thumb Code     0  libinit2.o(.ARM.Collect$$libinit$$00000033)
    __rt_lib_init_signal_1                   0x0800022f   Thumb Code     0  libinit2.o(.ARM.Collect$$libinit$$0000001D)
    __rt_lib_init_stdio_1                    0x0800022f   Thumb Code     0  libinit2.o(.ARM.Collect$$libinit$$00000025)
    __rt_lib_shutdown                        0x08000231   Thumb Code     0  libshutdown.o(.ARM.Collect$$libshutdown$$00000000)
    __rt_lib_shutdown_cpp_1                  0x08000233   Thumb Code     0  libshutdown2.o(.ARM.Collect$$libshutdown$$00000002)
    __rt_lib_shutdown_fp_trap_1              0x08000233   Thumb Code     0  libshutdown2.o(.ARM.Collect$$libshutdown$$00000007)
    __rt_lib_shutdown_heap_1                 0x08000233   Thumb Code     0  libshutdown2.o(.ARM.Collect$$libshutdown$$0000000F)
    __rt_lib_shutdown_return                 0x08000233   Thumb Code     0  libshutdown2.o(.ARM.Collect$$libshutdown$$00000010)
    __rt_lib_shutdown_signal_1               0x08000233   Thumb Code     0  libshutdown2.o(.ARM.Collect$$libshutdown$$0000000A)
    __rt_lib_shutdown_stdio_1                0x08000233   Thumb Code     0  libshutdown2.o(.ARM.Collect$$libshutdown$$00000004)
    __rt_lib_shutdown_user_alloc_1           0x08000233   Thumb Code     0  libshutdown2.o(.ARM.Collect$$libshutdown$$0000000C)
    __rt_entry                               0x08000235   Thumb Code     0  __rtentry.o(.ARM.Collect$$rtentry$$00000000)
    __rt_entry_presh_1                       0x08000235   Thumb Code     0  __rtentry2.o(.ARM.Collect$$rtentry$$00000002)
    __rt_entry_sh                            0x08000235   Thumb Code     0  __rtentry4.o(.ARM.Collect$$rtentry$$00000004)
    __rt_entry_li                            0x0800023b   Thumb Code     0  __rtentry2.o(.ARM.Collect$$rtentry$$0000000A)
    __rt_entry_postsh_1                      0x0800023b   Thumb Code     0  __rtentry2.o(.ARM.Collect$$rtentry$$00000009)
    __rt_entry_main                          0x0800023f   Thumb Code     0  __rtentry2.o(.ARM.Collect$$rtentry$$0000000D)
    __rt_entry_postli_1                      0x0800023f   Thumb Code     0  __rtentry2.o(.ARM.Collect$$rtentry$$0000000C)
    __rt_exit                                0x08000247   Thumb Code     0  rtexit.o(.ARM.Collect$$rtexit$$00000000)
    __rt_exit_ls                             0x08000249   Thumb Code     0  rtexit2.o(.ARM.Collect$$rtexit$$00000003)
    __rt_exit_prels_1                        0x08000249   Thumb Code     0  rtexit2.o(.ARM.Collect$$rtexit$$00000002)
    __rt_exit_exit                           0x0800024d   Thumb Code     0  rtexit2.o(.ARM.Collect$$rtexit$$00000004)
    Load_Drow_Dialog                         0x08000255   Thumb Code    52  main.o(.text)
    gui_draw_hline                           0x08000289   Thumb Code    36  main.o(.text)
    gui_fill_circle                          0x080002ad   Thumb Code   176  main.o(.text)
    my_abs                                   0x0800035d   Thumb Code    18  main.o(.text)
    lcd_draw_bline                           0x0800036f   Thumb Code   212  main.o(.text)
    rtp_test                                 0x08000443   Thumb Code   164  main.o(.text)
    ctp_test                                 0x080004e7   Thumb Code   276  main.o(.text)
    main                                     0x080005fb   Thumb Code   882  main.o(.text)
    NMI_Handler                              0x08000a11   Thumb Code     2  stm32f4xx_it.o(.text)
    HardFault_Handler                        0x08000a13   Thumb Code     4  stm32f4xx_it.o(.text)
    MemManage_Handler                        0x08000a17   Thumb Code     4  stm32f4xx_it.o(.text)
    BusFault_Handler                         0x08000a1b   Thumb Code     4  stm32f4xx_it.o(.text)
    UsageFault_Handler                       0x08000a1f   Thumb Code     4  stm32f4xx_it.o(.text)
    SVC_Handler                              0x08000a23   Thumb Code     2  stm32f4xx_it.o(.text)
    DebugMon_Handler                         0x08000a25   Thumb Code     2  stm32f4xx_it.o(.text)
    PendSV_Handler                           0x08000a27   Thumb Code     2  stm32f4xx_it.o(.text)
    SysTick_Handler                          0x08000a29   Thumb Code     2  stm32f4xx_it.o(.text)
    SystemInit                               0x08000b09   Thumb Code    88  system_stm32f4xx.o(.text)
    SystemCoreClockUpdate                    0x08000b61   Thumb Code   174  system_stm32f4xx.o(.text)
    LED_Init                                 0x08000c3d   Thumb Code    60  led.o(.text)
    LCD_WR_REG                               0x08000c7d   Thumb Code    18  lcd.o(.text)
    LCD_WR_DATA                              0x08000c8f   Thumb Code    20  lcd.o(.text)
    LCD_RD_DATA                              0x08000ca3   Thumb Code    16  lcd.o(.text)
    LCD_WriteReg                             0x08000cb3   Thumb Code    14  lcd.o(.text)
    LCD_ReadReg                              0x08000cc1   Thumb Code    22  lcd.o(.text)
    LCD_WriteRAM_Prepare                     0x08000cd7   Thumb Code    10  lcd.o(.text)
    LCD_WriteRAM                             0x08000ce1   Thumb Code     8  lcd.o(.text)
    LCD_BGR2RGB                              0x08000ce9   Thumb Code    26  lcd.o(.text)
    opt_delay                                0x08000d03   Thumb Code    14  lcd.o(.text)
    LCD_SetCursor                            0x08000d11   Thumb Code   418  lcd.o(.text)
    LCD_ReadPoint                            0x08000eb3   Thumb Code   360  lcd.o(.text)
    LCD_DisplayOn                            0x0800101b   Thumb Code   102  lcd.o(.text)
    LCD_DisplayOff                           0x08001081   Thumb Code    90  lcd.o(.text)
    LCD_Scan_Dir                             0x080010db   Thumb Code   744  lcd.o(.text)
    LCD_DrawPoint                            0x080013c3   Thumb Code    28  lcd.o(.text)
    LCD_Fast_DrawPoint                       0x080013df   Thumb Code   388  lcd.o(.text)
    LCD_SSD_BackLightSet                     0x08001563   Thumb Code    88  lcd.o(.text)
    LCD_Display_Dir                          0x080015bb   Thumb Code   444  lcd.o(.text)
    LCD_Set_Window                           0x08001777   Thumb Code   546  lcd.o(.text)
    LCD_Clear                                0x08001999   Thumb Code   100  lcd.o(.text)
    LCD_Init                                 0x080019fd   Thumb Code 14668  lcd.o(.text)
    LCD_Fill                                 0x08005349   Thumb Code   180  lcd.o(.text)
    LCD_Color_Fill                           0x080053fd   Thumb Code   100  lcd.o(.text)
    LCD_DrawLine                             0x08005461   Thumb Code   176  lcd.o(.text)
    LCD_DrawRectangle                        0x08005511   Thumb Code    60  lcd.o(.text)
    LCD_Draw_Circle                          0x0800554d   Thumb Code   152  lcd.o(.text)
    LCD_ShowChar                             0x080055e5   Thumb Code   272  lcd.o(.text)
    LCD_Pow                                  0x080056f5   Thumb Code    22  lcd.o(.text)
    LCD_ShowNum                              0x0800570b   Thumb Code   148  lcd.o(.text)
    LCD_ShowxNum                             0x0800579f   Thumb Code   220  lcd.o(.text)
    LCD_ShowString                           0x0800587b   Thumb Code   102  lcd.o(.text)
    KEY_Init                                 0x080058e1   Thumb Code    60  key.o(.text)
    KEY_Scan                                 0x0800591d   Thumb Code   188  key.o(.text)
    IIC_Init                                 0x080059e5   Thumb Code    62  myiic.o(.text)
    IIC_Start                                0x08005a23   Thumb Code    68  myiic.o(.text)
    IIC_Stop                                 0x08005a67   Thumb Code    62  myiic.o(.text)
    IIC_Wait_Ack                             0x08005aa5   Thumb Code    82  myiic.o(.text)
    IIC_Ack                                  0x08005af7   Thumb Code    64  myiic.o(.text)
    IIC_NAck                                 0x08005b37   Thumb Code    62  myiic.o(.text)
    IIC_Send_Byte                            0x08005b75   Thumb Code    88  myiic.o(.text)
    IIC_Read_Byte                            0x08005bcd   Thumb Code    94  myiic.o(.text)
    IIC_RecvData                             0x08005c2b   Thumb Code    80  myiic.o(.text)
    AT24CXX_Init                             0x08005c89   Thumb Code     8  24cxx.o(.text)
    AT24CXX_ReadOneByte                      0x08005c91   Thumb Code    88  24cxx.o(.text)
    AT24CXX_WriteOneByte                     0x08005ce9   Thumb Code    80  24cxx.o(.text)
    AT24CXX_WriteLenByte                     0x08005d39   Thumb Code    42  24cxx.o(.text)
    AT24CXX_ReadLenByte                      0x08005d63   Thumb Code    44  24cxx.o(.text)
    AT24CXX_Check                            0x08005d8f   Thumb Code    46  24cxx.o(.text)
    AT24CXX_Read                             0x08005dbd   Thumb Code    34  24cxx.o(.text)
    AT24CXX_Write                            0x08005ddf   Thumb Code    36  24cxx.o(.text)
    CT_Delay                                 0x08005e05   Thumb Code    10  ctiic.o(.text)
    CT_IIC_Init                              0x08005e0f   Thumb Code    60  ctiic.o(.text)
    CT_IIC_Start                             0x08005e4b   Thumb Code    62  ctiic.o(.text)
    CT_IIC_Stop                              0x08005e89   Thumb Code    56  ctiic.o(.text)
    CT_IIC_Wait_Ack                          0x08005ec1   Thumb Code    78  ctiic.o(.text)
    CT_IIC_Ack                               0x08005f0f   Thumb Code    66  ctiic.o(.text)
    CT_IIC_NAck                              0x08005f51   Thumb Code    66  ctiic.o(.text)
    CT_IIC_Send_Byte                         0x08005f93   Thumb Code    82  ctiic.o(.text)
    CT_IIC_Read_Byte                         0x08005fe5   Thumb Code    92  ctiic.o(.text)
    GT9147_WR_Reg                            0x08006059   Thumb Code    92  gt9147.o(.text)
    GT9147_Send_Cfg                          0x080060b5   Thumb Code    86  gt9147.o(.text)
    GT9147_RD_Reg                            0x0800610b   Thumb Code    98  gt9147.o(.text)
    GT9147_Init                              0x0800616d   Thumb Code   248  gt9147.o(.text)
    GT9147_Scan                              0x08006265   Thumb Code   494  gt9147.o(.text)
    OTT2001A_WR_Reg                          0x080064a1   Thumb Code    92  ott2001a.o(.text)
    OTT2001A_RD_Reg                          0x080064fd   Thumb Code    98  ott2001a.o(.text)
    OTT2001A_SensorControl                   0x0800655f   Thumb Code    28  ott2001a.o(.text)
    OTT2001A_Init                            0x0800657b   Thumb Code   142  ott2001a.o(.text)
    OTT2001A_Scan                            0x08006609   Thumb Code   478  ott2001a.o(.text)
    FT5206_WR_Reg                            0x08006829   Thumb Code    82  ft5206.o(.text)
    FT5206_RD_Reg                            0x0800687b   Thumb Code    88  ft5206.o(.text)
    FT5206_Init                              0x080068d3   Thumb Code   202  ft5206.o(.text)
    FT5206_Scan                              0x0800699d   Thumb Code   400  ft5206.o(.text)
    TP_Write_Byte                            0x08006b55   Thumb Code    64  touch.o(.text)
    TP_Read_AD                               0x08006b95   Thumb Code   132  touch.o(.text)
    TP_Read_XOY                              0x08006c19   Thumb Code   120  touch.o(.text)
    TP_Read_XY                               0x08006c91   Thumb Code    38  touch.o(.text)
    TP_Read_XY2                              0x08006cb7   Thumb Code   192  touch.o(.text)
    TP_Drow_Touch_Point                      0x08006d77   Thumb Code   108  touch.o(.text)
    TP_Draw_Big_Point                        0x08006de3   Thumb Code    54  touch.o(.text)
    TP_Scan                                  0x08006e19   Thumb Code   244  touch.o(.text)
    TP_Save_Adjdata                          0x08006f0d   Thumb Code   166  touch.o(.text)
    TP_Get_Adjdata                           0x08006fb3   Thumb Code   160  touch.o(.text)
    TP_Adj_Info_Show                         0x08007053   Thumb Code   374  touch.o(.text)
    TP_Adjust                                0x080071c9   Thumb Code  2290  touch.o(.text)
    TP_Init                                  0x08007abb   Thumb Code   290  touch.o(.text)
    MLX90640_I2CInit                         0x08007c35   Thumb Code    12  mlx90640.o(.text)
    MLX90640_I2CRead                         0x08007c41   Thumb Code   152  mlx90640.o(.text)
    MLX90640_I2CWrite                        0x08007cd9   Thumb Code    68  mlx90640.o(.text)
    GetEEPROM                                0x08007d1d   Thumb Code    66  mlx90640.o(.text)
    GetRAM                                   0x08007d5f   Thumb Code    66  mlx90640.o(.text)
    GetStatusReg                             0x08007da1   Thumb Code    18  mlx90640.o(.text)
    GetControlReg                            0x08007db3   Thumb Code    20  mlx90640.o(.text)
    MLX90640_DataReady                       0x08007dc7   Thumb Code    38  mlx90640.o(.text)
    MLX90640_SetResolution                   0x08007ded   Thumb Code    52  mlx90640.o(.text)
    MLX90640_GetCurResolution                0x08007e21   Thumb Code    26  mlx90640.o(.text)
    MLX90640_SetRefreshRate                  0x08007e3b   Thumb Code    50  mlx90640.o(.text)
    MLX90640_GetRefreshRate                  0x08007e6d   Thumb Code    26  mlx90640.o(.text)
    MLX90640_SetArrangeMode                  0x08007e87   Thumb Code    52  mlx90640.o(.text)
    MLX90640_GetArrangeMode                  0x08007ebb   Thumb Code    26  mlx90640.o(.text)
    CheckEEPROMValid                         0x08007ed5   Thumb Code    20  mlx90640.o(.text)
    CheckAdjacentPixels                      0x08007ee9   Thumb Code    60  mlx90640.o(.text)
    ExtractVDDParameters                     0x08007f25   Thumb Code    52  mlx90640.o(.text)
    ExtractPTATParameters                    0x08007f59   Thumb Code   216  mlx90640.o(.text)
    ExtractGainParameters                    0x08008031   Thumb Code    20  mlx90640.o(.text)
    ExtractTgcParameters                     0x08008045   Thumb Code    60  mlx90640.o(.text)
    ExtractResolutionParameters              0x08008081   Thumb Code    14  mlx90640.o(.text)
    ExtractKsTaParameters                    0x0800808f   Thumb Code    62  mlx90640.o(.text)
    ExtractKsToParameters                    0x080080cd   Thumb Code   260  mlx90640.o(.text)
    ExtractAlphaParameters                   0x080081d1   Thumb Code   676  mlx90640.o(.text)
    ExtractOffsetParameters                  0x08008475   Thumb Code   480  mlx90640.o(.text)
    ExtractKtaPixelParameters                0x08008655   Thumb Code   482  mlx90640.o(.text)
    ExtractKvPixelParameters                 0x08008837   Thumb Code   312  mlx90640.o(.text)
    ExtractCPParameters                      0x0800896f   Thumb Code   630  mlx90640.o(.text)
    ExtractCILCParameters                    0x08008be5   Thumb Code   268  mlx90640.o(.text)
    ExtractDeviatingPixels                   0x08008cf1   Thumb Code   368  mlx90640.o(.text)
    MLX90640_ExtractParameters               0x08008e61   Thumb Code   136  mlx90640.o(.text)
    MLX90640_GetVdd                          0x08008ee9   Thumb Code   208  mlx90640.o(.text)
    MLX90640_GetTa                           0x08008fb9   Thumb Code   280  mlx90640.o(.text)
    MLX90640_CalculateTo                     0x080090d1   Thumb Code  1770  mlx90640.o(.text)
    MLX90640_GetImage                        0x080097bb   Thumb Code   980  mlx90640.o(.text)
    GetMedian                                0x08009b8f   Thumb Code   138  mlx90640.o(.text)
    IsPixelBad                               0x08009c19   Thumb Code    50  mlx90640.o(.text)
    MLX90640_BadPixelsCorrection             0x08009c4b   Thumb Code   950  mlx90640.o(.text)
    CalcPolyCoe                              0x0800a001   Thumb Code   854  mlx90640_exfun.o(.text)
    PolynomialInterpolationArr               0x0800a357   Thumb Code   626  mlx90640_exfun.o(.text)
    PolynomialInterpolation_Matrix           0x0800a5c9   Thumb Code   236  mlx90640_exfun.o(.text)
    TemperatureToGray                        0x0800a6b5   Thumb Code   194  mlx90640_exfun.o(.text)
    GrayToRGB                                0x0800a777   Thumb Code   262  mlx90640_exfun.o(.text)
    TemperatureToRGB                         0x0800a87d   Thumb Code    52  mlx90640_exfun.o(.text)
    delay_init                               0x0800a8b1   Thumb Code    52  delay.o(.text)
    delay_us                                 0x0800a8e5   Thumb Code    72  delay.o(.text)
    delay_xms                                0x0800a92d   Thumb Code    72  delay.o(.text)
    delay_ms                                 0x0800a975   Thumb Code    56  delay.o(.text)
    _sys_exit                                0x0800a9b5   Thumb Code     4  usart.o(.text)
    fputc                                    0x0800a9b9   Thumb Code    22  usart.o(.text)
    uart_init                                0x0800a9cf   Thumb Code   164  usart.o(.text)
    USART1_IRQHandler                        0x0800aa73   Thumb Code   122  usart.o(.text)
    Reset_Handler                            0x0800aafd   Thumb Code     8  startup_stm32f40_41xxx.o(.text)
    ADC_IRQHandler                           0x0800ab17   Thumb Code     0  startup_stm32f40_41xxx.o(.text)
    CAN1_RX0_IRQHandler                      0x0800ab17   Thumb Code     0  startup_stm32f40_41xxx.o(.text)
    CAN1_RX1_IRQHandler                      0x0800ab17   Thumb Code     0  startup_stm32f40_41xxx.o(.text)
    CAN1_SCE_IRQHandler                      0x0800ab17   Thumb Code     0  startup_stm32f40_41xxx.o(.text)
    CAN1_TX_IRQHandler                       0x0800ab17   Thumb Code     0  startup_stm32f40_41xxx.o(.text)
    CAN2_RX0_IRQHandler                      0x0800ab17   Thumb Code     0  startup_stm32f40_41xxx.o(.text)
    CAN2_RX1_IRQHandler                      0x0800ab17   Thumb Code     0  startup_stm32f40_41xxx.o(.text)
    CAN2_SCE_IRQHandler                      0x0800ab17   Thumb Code     0  startup_stm32f40_41xxx.o(.text)
    CAN2_TX_IRQHandler                       0x0800ab17   Thumb Code     0  startup_stm32f40_41xxx.o(.text)
    CRYP_IRQHandler                          0x0800ab17   Thumb Code     0  startup_stm32f40_41xxx.o(.text)
    DCMI_IRQHandler                          0x0800ab17   Thumb Code     0  startup_stm32f40_41xxx.o(.text)
    DMA1_Stream0_IRQHandler                  0x0800ab17   Thumb Code     0  startup_stm32f40_41xxx.o(.text)
    DMA1_Stream1_IRQHandler                  0x0800ab17   Thumb Code     0  startup_stm32f40_41xxx.o(.text)
    DMA1_Stream2_IRQHandler                  0x0800ab17   Thumb Code     0  startup_stm32f40_41xxx.o(.text)
    DMA1_Stream3_IRQHandler                  0x0800ab17   Thumb Code     0  startup_stm32f40_41xxx.o(.text)
    DMA1_Stream4_IRQHandler                  0x0800ab17   Thumb Code     0  startup_stm32f40_41xxx.o(.text)
    DMA1_Stream5_IRQHandler                  0x0800ab17   Thumb Code     0  startup_stm32f40_41xxx.o(.text)
    DMA1_Stream6_IRQHandler                  0x0800ab17   Thumb Code     0  startup_stm32f40_41xxx.o(.text)
    DMA1_Stream7_IRQHandler                  0x0800ab17   Thumb Code     0  startup_stm32f40_41xxx.o(.text)
    DMA2_Stream0_IRQHandler                  0x0800ab17   Thumb Code     0  startup_stm32f40_41xxx.o(.text)
    DMA2_Stream1_IRQHandler                  0x0800ab17   Thumb Code     0  startup_stm32f40_41xxx.o(.text)
    DMA2_Stream2_IRQHandler                  0x0800ab17   Thumb Code     0  startup_stm32f40_41xxx.o(.text)
    DMA2_Stream3_IRQHandler                  0x0800ab17   Thumb Code     0  startup_stm32f40_41xxx.o(.text)
    DMA2_Stream4_IRQHandler                  0x0800ab17   Thumb Code     0  startup_stm32f40_41xxx.o(.text)
    DMA2_Stream5_IRQHandler                  0x0800ab17   Thumb Code     0  startup_stm32f40_41xxx.o(.text)
    DMA2_Stream6_IRQHandler                  0x0800ab17   Thumb Code     0  startup_stm32f40_41xxx.o(.text)
    DMA2_Stream7_IRQHandler                  0x0800ab17   Thumb Code     0  startup_stm32f40_41xxx.o(.text)
    ETH_IRQHandler                           0x0800ab17   Thumb Code     0  startup_stm32f40_41xxx.o(.text)
    ETH_WKUP_IRQHandler                      0x0800ab17   Thumb Code     0  startup_stm32f40_41xxx.o(.text)
    EXTI0_IRQHandler                         0x0800ab17   Thumb Code     0  startup_stm32f40_41xxx.o(.text)
    EXTI15_10_IRQHandler                     0x0800ab17   Thumb Code     0  startup_stm32f40_41xxx.o(.text)
    EXTI1_IRQHandler                         0x0800ab17   Thumb Code     0  startup_stm32f40_41xxx.o(.text)
    EXTI2_IRQHandler                         0x0800ab17   Thumb Code     0  startup_stm32f40_41xxx.o(.text)
    EXTI3_IRQHandler                         0x0800ab17   Thumb Code     0  startup_stm32f40_41xxx.o(.text)
    EXTI4_IRQHandler                         0x0800ab17   Thumb Code     0  startup_stm32f40_41xxx.o(.text)
    EXTI9_5_IRQHandler                       0x0800ab17   Thumb Code     0  startup_stm32f40_41xxx.o(.text)
    FLASH_IRQHandler                         0x0800ab17   Thumb Code     0  startup_stm32f40_41xxx.o(.text)
    FPU_IRQHandler                           0x0800ab17   Thumb Code     0  startup_stm32f40_41xxx.o(.text)
    FSMC_IRQHandler                          0x0800ab17   Thumb Code     0  startup_stm32f40_41xxx.o(.text)
    HASH_RNG_IRQHandler                      0x0800ab17   Thumb Code     0  startup_stm32f40_41xxx.o(.text)
    I2C1_ER_IRQHandler                       0x0800ab17   Thumb Code     0  startup_stm32f40_41xxx.o(.text)
    I2C1_EV_IRQHandler                       0x0800ab17   Thumb Code     0  startup_stm32f40_41xxx.o(.text)
    I2C2_ER_IRQHandler                       0x0800ab17   Thumb Code     0  startup_stm32f40_41xxx.o(.text)
    I2C2_EV_IRQHandler                       0x0800ab17   Thumb Code     0  startup_stm32f40_41xxx.o(.text)
    I2C3_ER_IRQHandler                       0x0800ab17   Thumb Code     0  startup_stm32f40_41xxx.o(.text)
    I2C3_EV_IRQHandler                       0x0800ab17   Thumb Code     0  startup_stm32f40_41xxx.o(.text)
    OTG_FS_IRQHandler                        0x0800ab17   Thumb Code     0  startup_stm32f40_41xxx.o(.text)
    OTG_FS_WKUP_IRQHandler                   0x0800ab17   Thumb Code     0  startup_stm32f40_41xxx.o(.text)
    OTG_HS_EP1_IN_IRQHandler                 0x0800ab17   Thumb Code     0  startup_stm32f40_41xxx.o(.text)
    OTG_HS_EP1_OUT_IRQHandler                0x0800ab17   Thumb Code     0  startup_stm32f40_41xxx.o(.text)
    OTG_HS_IRQHandler                        0x0800ab17   Thumb Code     0  startup_stm32f40_41xxx.o(.text)
    OTG_HS_WKUP_IRQHandler                   0x0800ab17   Thumb Code     0  startup_stm32f40_41xxx.o(.text)
    PVD_IRQHandler                           0x0800ab17   Thumb Code     0  startup_stm32f40_41xxx.o(.text)
    RCC_IRQHandler                           0x0800ab17   Thumb Code     0  startup_stm32f40_41xxx.o(.text)
    RTC_Alarm_IRQHandler                     0x0800ab17   Thumb Code     0  startup_stm32f40_41xxx.o(.text)
    RTC_WKUP_IRQHandler                      0x0800ab17   Thumb Code     0  startup_stm32f40_41xxx.o(.text)
    SDIO_IRQHandler                          0x0800ab17   Thumb Code     0  startup_stm32f40_41xxx.o(.text)
    SPI1_IRQHandler                          0x0800ab17   Thumb Code     0  startup_stm32f40_41xxx.o(.text)
    SPI2_IRQHandler                          0x0800ab17   Thumb Code     0  startup_stm32f40_41xxx.o(.text)
    SPI3_IRQHandler                          0x0800ab17   Thumb Code     0  startup_stm32f40_41xxx.o(.text)
    TAMP_STAMP_IRQHandler                    0x0800ab17   Thumb Code     0  startup_stm32f40_41xxx.o(.text)
    TIM1_BRK_TIM9_IRQHandler                 0x0800ab17   Thumb Code     0  startup_stm32f40_41xxx.o(.text)
    TIM1_CC_IRQHandler                       0x0800ab17   Thumb Code     0  startup_stm32f40_41xxx.o(.text)
    TIM1_TRG_COM_TIM11_IRQHandler            0x0800ab17   Thumb Code     0  startup_stm32f40_41xxx.o(.text)
    TIM1_UP_TIM10_IRQHandler                 0x0800ab17   Thumb Code     0  startup_stm32f40_41xxx.o(.text)
    TIM2_IRQHandler                          0x0800ab17   Thumb Code     0  startup_stm32f40_41xxx.o(.text)
    TIM3_IRQHandler                          0x0800ab17   Thumb Code     0  startup_stm32f40_41xxx.o(.text)
    TIM4_IRQHandler                          0x0800ab17   Thumb Code     0  startup_stm32f40_41xxx.o(.text)
    TIM5_IRQHandler                          0x0800ab17   Thumb Code     0  startup_stm32f40_41xxx.o(.text)
    TIM6_DAC_IRQHandler                      0x0800ab17   Thumb Code     0  startup_stm32f40_41xxx.o(.text)
    TIM7_IRQHandler                          0x0800ab17   Thumb Code     0  startup_stm32f40_41xxx.o(.text)
    TIM8_BRK_TIM12_IRQHandler                0x0800ab17   Thumb Code     0  startup_stm32f40_41xxx.o(.text)
    TIM8_CC_IRQHandler                       0x0800ab17   Thumb Code     0  startup_stm32f40_41xxx.o(.text)
    TIM8_TRG_COM_TIM14_IRQHandler            0x0800ab17   Thumb Code     0  startup_stm32f40_41xxx.o(.text)
    TIM8_UP_TIM13_IRQHandler                 0x0800ab17   Thumb Code     0  startup_stm32f40_41xxx.o(.text)
    UART4_IRQHandler                         0x0800ab17   Thumb Code     0  startup_stm32f40_41xxx.o(.text)
    UART5_IRQHandler                         0x0800ab17   Thumb Code     0  startup_stm32f40_41xxx.o(.text)
    USART2_IRQHandler                        0x0800ab17   Thumb Code     0  startup_stm32f40_41xxx.o(.text)
    USART3_IRQHandler                        0x0800ab17   Thumb Code     0  startup_stm32f40_41xxx.o(.text)
    USART6_IRQHandler                        0x0800ab17   Thumb Code     0  startup_stm32f40_41xxx.o(.text)
    WWDG_IRQHandler                          0x0800ab17   Thumb Code     0  startup_stm32f40_41xxx.o(.text)
    __user_initial_stackheap                 0x0800ab19   Thumb Code     0  startup_stm32f40_41xxx.o(.text)
    NVIC_PriorityGroupConfig                 0x0800ab3d   Thumb Code    10  misc.o(.text)
    NVIC_Init                                0x0800ab47   Thumb Code   106  misc.o(.text)
    NVIC_SetVectorTable                      0x0800abb1   Thumb Code    14  misc.o(.text)
    NVIC_SystemLPConfig                      0x0800abbf   Thumb Code    34  misc.o(.text)
    SysTick_CLKSourceConfig                  0x0800abe1   Thumb Code    40  misc.o(.text)
    GPIO_DeInit                              0x0800ac1d   Thumb Code   268  stm32f4xx_gpio.o(.text)
    GPIO_Init                                0x0800ad29   Thumb Code   144  stm32f4xx_gpio.o(.text)
    GPIO_StructInit                          0x0800adb9   Thumb Code    18  stm32f4xx_gpio.o(.text)
    GPIO_PinLockConfig                       0x0800adcb   Thumb Code    34  stm32f4xx_gpio.o(.text)
    GPIO_ReadInputDataBit                    0x0800aded   Thumb Code    18  stm32f4xx_gpio.o(.text)
    GPIO_ReadInputData                       0x0800adff   Thumb Code     8  stm32f4xx_gpio.o(.text)
    GPIO_ReadOutputDataBit                   0x0800ae07   Thumb Code    18  stm32f4xx_gpio.o(.text)
    GPIO_ReadOutputData                      0x0800ae19   Thumb Code     8  stm32f4xx_gpio.o(.text)
    GPIO_SetBits                             0x0800ae21   Thumb Code     4  stm32f4xx_gpio.o(.text)
    GPIO_ResetBits                           0x0800ae25   Thumb Code     4  stm32f4xx_gpio.o(.text)
    GPIO_WriteBit                            0x0800ae29   Thumb Code    10  stm32f4xx_gpio.o(.text)
    GPIO_Write                               0x0800ae33   Thumb Code     4  stm32f4xx_gpio.o(.text)
    GPIO_ToggleBits                          0x0800ae37   Thumb Code     8  stm32f4xx_gpio.o(.text)
    GPIO_PinAFConfig                         0x0800ae3f   Thumb Code    70  stm32f4xx_gpio.o(.text)
    FSMC_NORSRAMDeInit                       0x0800aeb1   Thumb Code    54  stm32f4xx_fsmc.o(.text)
    FSMC_NORSRAMInit                         0x0800aee7   Thumb Code   230  stm32f4xx_fsmc.o(.text)
    FSMC_NORSRAMStructInit                   0x0800afcd   Thumb Code    48  stm32f4xx_fsmc.o(.text)
    FSMC_NORSRAMCmd                          0x0800affd   Thumb Code    46  stm32f4xx_fsmc.o(.text)
    FSMC_NANDDeInit                          0x0800b02b   Thumb Code    62  stm32f4xx_fsmc.o(.text)
    FSMC_NANDInit                            0x0800b069   Thumb Code   132  stm32f4xx_fsmc.o(.text)
    FSMC_NANDStructInit                      0x0800b0ed   Thumb Code    54  stm32f4xx_fsmc.o(.text)
    FSMC_NANDCmd                             0x0800b123   Thumb Code    86  stm32f4xx_fsmc.o(.text)
    FSMC_NANDECCCmd                          0x0800b179   Thumb Code    86  stm32f4xx_fsmc.o(.text)
    FSMC_GetECC                              0x0800b1cf   Thumb Code    24  stm32f4xx_fsmc.o(.text)
    FSMC_PCCARDDeInit                        0x0800b1e7   Thumb Code    36  stm32f4xx_fsmc.o(.text)
    FSMC_PCCARDInit                          0x0800b20b   Thumb Code   130  stm32f4xx_fsmc.o(.text)
    FSMC_PCCARDStructInit                    0x0800b28d   Thumb Code    60  stm32f4xx_fsmc.o(.text)
    FSMC_PCCARDCmd                           0x0800b2c9   Thumb Code    44  stm32f4xx_fsmc.o(.text)
    FSMC_ITConfig                            0x0800b2f5   Thumb Code   128  stm32f4xx_fsmc.o(.text)
    FSMC_GetFlagStatus                       0x0800b375   Thumb Code    54  stm32f4xx_fsmc.o(.text)
    FSMC_ClearFlag                           0x0800b3ab   Thumb Code    74  stm32f4xx_fsmc.o(.text)
    FSMC_GetITStatus                         0x0800b3f5   Thumb Code    62  stm32f4xx_fsmc.o(.text)
    FSMC_ClearITPendingBit                   0x0800b433   Thumb Code    66  stm32f4xx_fsmc.o(.text)
    RCC_DeInit                               0x0800b479   Thumb Code    82  stm32f4xx_rcc.o(.text)
    RCC_HSEConfig                            0x0800b4cb   Thumb Code    14  stm32f4xx_rcc.o(.text)
    RCC_GetFlagStatus                        0x0800b4d9   Thumb Code    60  stm32f4xx_rcc.o(.text)
    RCC_WaitForHSEStartUp                    0x0800b515   Thumb Code    56  stm32f4xx_rcc.o(.text)
    RCC_AdjustHSICalibrationValue            0x0800b54d   Thumb Code    20  stm32f4xx_rcc.o(.text)
    RCC_HSICmd                               0x0800b561   Thumb Code     6  stm32f4xx_rcc.o(.text)
    RCC_LSEConfig                            0x0800b567   Thumb Code    46  stm32f4xx_rcc.o(.text)
    RCC_LSICmd                               0x0800b595   Thumb Code     6  stm32f4xx_rcc.o(.text)
    RCC_PLLConfig                            0x0800b59b   Thumb Code    32  stm32f4xx_rcc.o(.text)
    RCC_PLLCmd                               0x0800b5bb   Thumb Code     6  stm32f4xx_rcc.o(.text)
    RCC_PLLI2SConfig                         0x0800b5c1   Thumb Code    14  stm32f4xx_rcc.o(.text)
    RCC_PLLI2SCmd                            0x0800b5cf   Thumb Code     6  stm32f4xx_rcc.o(.text)
    RCC_PLLSAIConfig                         0x0800b5d5   Thumb Code    20  stm32f4xx_rcc.o(.text)
    RCC_PLLSAICmd                            0x0800b5e9   Thumb Code     6  stm32f4xx_rcc.o(.text)
    RCC_ClockSecuritySystemCmd               0x0800b5ef   Thumb Code     6  stm32f4xx_rcc.o(.text)
    RCC_MCO1Config                           0x0800b5f5   Thumb Code    28  stm32f4xx_rcc.o(.text)
    RCC_MCO2Config                           0x0800b611   Thumb Code    28  stm32f4xx_rcc.o(.text)
    RCC_SYSCLKConfig                         0x0800b62d   Thumb Code    20  stm32f4xx_rcc.o(.text)
    RCC_GetSYSCLKSource                      0x0800b641   Thumb Code    12  stm32f4xx_rcc.o(.text)
    RCC_HCLKConfig                           0x0800b64d   Thumb Code    20  stm32f4xx_rcc.o(.text)
    RCC_PCLK1Config                          0x0800b661   Thumb Code    20  stm32f4xx_rcc.o(.text)
    RCC_PCLK2Config                          0x0800b675   Thumb Code    22  stm32f4xx_rcc.o(.text)
    RCC_GetClocksFreq                        0x0800b68b   Thumb Code   222  stm32f4xx_rcc.o(.text)
    RCC_RTCCLKConfig                         0x0800b769   Thumb Code    54  stm32f4xx_rcc.o(.text)
    RCC_RTCCLKCmd                            0x0800b79f   Thumb Code     8  stm32f4xx_rcc.o(.text)
    RCC_BackupResetCmd                       0x0800b7a7   Thumb Code     8  stm32f4xx_rcc.o(.text)
    RCC_I2SCLKConfig                         0x0800b7af   Thumb Code     6  stm32f4xx_rcc.o(.text)
    RCC_SAIPLLI2SClkDivConfig                0x0800b7b5   Thumb Code    26  stm32f4xx_rcc.o(.text)
    RCC_SAIPLLSAIClkDivConfig                0x0800b7cf   Thumb Code    28  stm32f4xx_rcc.o(.text)
    RCC_SAIBlockACLKConfig                   0x0800b7eb   Thumb Code    20  stm32f4xx_rcc.o(.text)
    RCC_SAIBlockBCLKConfig                   0x0800b7ff   Thumb Code    20  stm32f4xx_rcc.o(.text)
    RCC_LTDCCLKDivConfig                     0x0800b813   Thumb Code    20  stm32f4xx_rcc.o(.text)
    RCC_TIMCLKPresConfig                     0x0800b827   Thumb Code     6  stm32f4xx_rcc.o(.text)
    RCC_AHB1PeriphClockCmd                   0x0800b82d   Thumb Code    34  stm32f4xx_rcc.o(.text)
    RCC_AHB2PeriphClockCmd                   0x0800b84f   Thumb Code    78  stm32f4xx_rcc.o(.text)
    RCC_AHB3PeriphClockCmd                   0x0800b89d   Thumb Code    34  stm32f4xx_rcc.o(.text)
    RCC_APB1PeriphClockCmd                   0x0800b8bf   Thumb Code    34  stm32f4xx_rcc.o(.text)
    RCC_APB2PeriphClockCmd                   0x0800b8e1   Thumb Code    34  stm32f4xx_rcc.o(.text)
    RCC_AHB1PeriphResetCmd                   0x0800b903   Thumb Code    34  stm32f4xx_rcc.o(.text)
    RCC_AHB2PeriphResetCmd                   0x0800b925   Thumb Code    34  stm32f4xx_rcc.o(.text)
    RCC_AHB3PeriphResetCmd                   0x0800b947   Thumb Code    34  stm32f4xx_rcc.o(.text)
    RCC_APB1PeriphResetCmd                   0x0800b969   Thumb Code    34  stm32f4xx_rcc.o(.text)
    RCC_APB2PeriphResetCmd                   0x0800b98b   Thumb Code    34  stm32f4xx_rcc.o(.text)
    RCC_AHB1PeriphClockLPModeCmd             0x0800b9ad   Thumb Code    34  stm32f4xx_rcc.o(.text)
    RCC_AHB2PeriphClockLPModeCmd             0x0800b9cf   Thumb Code    34  stm32f4xx_rcc.o(.text)
    RCC_AHB3PeriphClockLPModeCmd             0x0800b9f1   Thumb Code    34  stm32f4xx_rcc.o(.text)
    RCC_APB1PeriphClockLPModeCmd             0x0800ba13   Thumb Code    34  stm32f4xx_rcc.o(.text)
    RCC_APB2PeriphClockLPModeCmd             0x0800ba35   Thumb Code    34  stm32f4xx_rcc.o(.text)
    RCC_LSEModeConfig                        0x0800ba57   Thumb Code    40  stm32f4xx_rcc.o(.text)
    RCC_ITConfig                             0x0800ba7f   Thumb Code    34  stm32f4xx_rcc.o(.text)
    RCC_ClearFlag                            0x0800baa1   Thumb Code    18  stm32f4xx_rcc.o(.text)
    RCC_GetITStatus                          0x0800bab3   Thumb Code    22  stm32f4xx_rcc.o(.text)
    RCC_ClearITPendingBit                    0x0800bac9   Thumb Code     8  stm32f4xx_rcc.o(.text)
    USART_DeInit                             0x0800bad5   Thumb Code   206  stm32f4xx_usart.o(.text)
    USART_Init                               0x0800bba3   Thumb Code   204  stm32f4xx_usart.o(.text)
    USART_StructInit                         0x0800bc6f   Thumb Code    24  stm32f4xx_usart.o(.text)
    USART_ClockInit                          0x0800bc87   Thumb Code    32  stm32f4xx_usart.o(.text)
    USART_ClockStructInit                    0x0800bca7   Thumb Code    12  stm32f4xx_usart.o(.text)
    USART_Cmd                                0x0800bcb3   Thumb Code    24  stm32f4xx_usart.o(.text)
    USART_SetPrescaler                       0x0800bccb   Thumb Code    16  stm32f4xx_usart.o(.text)
    USART_OverSampling8Cmd                   0x0800bcdb   Thumb Code    22  stm32f4xx_usart.o(.text)
    USART_OneBitMethodCmd                    0x0800bcf1   Thumb Code    24  stm32f4xx_usart.o(.text)
    USART_SendData                           0x0800bd09   Thumb Code     8  stm32f4xx_usart.o(.text)
    USART_ReceiveData                        0x0800bd11   Thumb Code    10  stm32f4xx_usart.o(.text)
    USART_SetAddress                         0x0800bd1b   Thumb Code    18  stm32f4xx_usart.o(.text)
    USART_ReceiverWakeUpCmd                  0x0800bd2d   Thumb Code    24  stm32f4xx_usart.o(.text)
    USART_WakeUpConfig                       0x0800bd45   Thumb Code    18  stm32f4xx_usart.o(.text)
    USART_LINBreakDetectLengthConfig         0x0800bd57   Thumb Code    18  stm32f4xx_usart.o(.text)
    USART_LINCmd                             0x0800bd69   Thumb Code    24  stm32f4xx_usart.o(.text)
    USART_SendBreak                          0x0800bd81   Thumb Code    10  stm32f4xx_usart.o(.text)
    USART_HalfDuplexCmd                      0x0800bd8b   Thumb Code    24  stm32f4xx_usart.o(.text)
    USART_SetGuardTime                       0x0800bda3   Thumb Code    16  stm32f4xx_usart.o(.text)
    USART_SmartCardCmd                       0x0800bdb3   Thumb Code    24  stm32f4xx_usart.o(.text)
    USART_SmartCardNACKCmd                   0x0800bdcb   Thumb Code    24  stm32f4xx_usart.o(.text)
    USART_IrDAConfig                         0x0800bde3   Thumb Code    18  stm32f4xx_usart.o(.text)
    USART_IrDACmd                            0x0800bdf5   Thumb Code    24  stm32f4xx_usart.o(.text)
    USART_DMACmd                             0x0800be0d   Thumb Code    18  stm32f4xx_usart.o(.text)
    USART_ITConfig                           0x0800be1f   Thumb Code    74  stm32f4xx_usart.o(.text)
    USART_GetFlagStatus                      0x0800be69   Thumb Code    26  stm32f4xx_usart.o(.text)
    USART_ClearFlag                          0x0800be83   Thumb Code    18  stm32f4xx_usart.o(.text)
    USART_GetITStatus                        0x0800be95   Thumb Code   118  stm32f4xx_usart.o(.text)
    USART_ClearITPendingBit                  0x0800bf0b   Thumb Code    30  stm32f4xx_usart.o(.text)
    __use_no_semihosting                     0x0800bf29   Thumb Code     2  use_no_semi_2.o(.text)
    __2printf                                0x0800bf2d   Thumb Code    20  noretval__2printf.o(.text)
    __2sprintf                               0x0800bf45   Thumb Code    34  noretval__2sprintf.o(.text)
    _printf_pre_padding                      0x0800bf6d   Thumb Code    44  _printf_pad.o(.text)
    _printf_post_padding                     0x0800bf99   Thumb Code    34  _printf_pad.o(.text)
    _printf_str                              0x0800bfbb   Thumb Code    82  _printf_str.o(.text)
    _printf_int_dec                          0x0800c00d   Thumb Code   104  _printf_dec.o(.text)
    _printf_int_hex                          0x0800c085   Thumb Code    84  _printf_hex_int.o(.text)
    _printf_longlong_hex                     0x0800c085   Thumb Code     0  _printf_hex_int.o(.text)
    __printf                                 0x0800c0dd   Thumb Code   270  __printf_wp.o(.text)
    strcmp                                   0x0800c1ed   Thumb Code   128  strcmpv7m.o(.text)
    __use_two_region_memory                  0x0800c26d   Thumb Code     2  heapauxi.o(.text)
    __rt_heap_escrow$2region                 0x0800c26f   Thumb Code     2  heapauxi.o(.text)
    __rt_heap_expand$2region                 0x0800c271   Thumb Code     2  heapauxi.o(.text)
    __I$use$semihosting                      0x0800c273   Thumb Code     0  use_no_semi.o(.text)
    __use_no_semihosting_swi                 0x0800c273   Thumb Code     2  use_no_semi.o(.text)
    __read_errno                             0x0800c275   Thumb Code    10  _rserrno.o(.text)
    __set_errno                              0x0800c27f   Thumb Code    12  _rserrno.o(.text)
    _printf_int_common                       0x0800c28b   Thumb Code   178  _printf_intcommon.o(.text)
    __lib_sel_fp_printf                      0x0800c33d   Thumb Code     2  _printf_fp_dec.o(.text)
    _printf_fp_dec_real                      0x0800c4ef   Thumb Code   620  _printf_fp_dec.o(.text)
    _printf_char_common                      0x0800c767   Thumb Code    32  _printf_char_common.o(.text)
    _sputc                                   0x0800c78d   Thumb Code    10  _sputc.o(.text)
    _printf_cs_common                        0x0800c797   Thumb Code    20  _printf_char.o(.text)
    _printf_char                             0x0800c7ab   Thumb Code    16  _printf_char.o(.text)
    _printf_string                           0x0800c7bb   Thumb Code     8  _printf_char.o(.text)
    _printf_char_file                        0x0800c7c5   Thumb Code    32  _printf_char_file.o(.text)
    __rt_locale                              0x0800c7e9   Thumb Code     8  rt_locale_intlibspace.o(.text)
    __aeabi_errno_addr                       0x0800c7f1   Thumb Code     8  rt_errno_addr_intlibspace.o(.text)
    __errno$intlibspace                      0x0800c7f1   Thumb Code     0  rt_errno_addr_intlibspace.o(.text)
    __rt_errno_addr$intlibspace              0x0800c7f1   Thumb Code     0  rt_errno_addr_intlibspace.o(.text)
    _ll_udiv10                               0x0800c7f9   Thumb Code   138  lludiv10.o(.text)
    _printf_fp_infnan                        0x0800c885   Thumb Code   112  _printf_fp_infnan.o(.text)
    _btod_etento                             0x0800c905   Thumb Code   224  bigflt0.o(.text)
    ferror                                   0x0800c9e9   Thumb Code     8  ferror.o(.text)
    __user_libspace                          0x0800c9f1   Thumb Code     8  libspace.o(.text)
    __user_perproc_libspace                  0x0800c9f1   Thumb Code     0  libspace.o(.text)
    __user_perthread_libspace                0x0800c9f1   Thumb Code     0  libspace.o(.text)
    __user_setup_stackheap                   0x0800c9f9   Thumb Code    74  sys_stackheap_outer.o(.text)
    exit                                     0x0800ca43   Thumb Code    18  exit.o(.text)
    _btod_d2e                                0x0800ca55   Thumb Code    62  btod.o(CL$$btod_d2e)
    _d2e_denorm_low                          0x0800ca93   Thumb Code    70  btod.o(CL$$btod_d2e_denorm_low)
    _d2e_norm_op1                            0x0800cad9   Thumb Code    96  btod.o(CL$$btod_d2e_norm_op1)
    __btod_div_common                        0x0800cb39   Thumb Code   696  btod.o(CL$$btod_div_common)
    _e2e                                     0x0800ce71   Thumb Code   220  btod.o(CL$$btod_e2e)
    _btod_ediv                               0x0800cf4d   Thumb Code    42  btod.o(CL$$btod_ediv)
    _btod_emul                               0x0800cf77   Thumb Code    42  btod.o(CL$$btod_emul)
    __btod_mult_common                       0x0800cfa1   Thumb Code   580  btod.o(CL$$btod_mult_common)
    __ARM_fpclassify                         0x0800d1e5   Thumb Code    48  fpclassify.o(i.__ARM_fpclassify)
    __hardfp_fabs                            0x0800d215   Thumb Code    20  fabs.o(i.__hardfp_fabs)
    __hardfp_pow                             0x0800d229   Thumb Code  3072  pow.o(i.__hardfp_pow)
    __hardfp_sqrt                            0x0800de79   Thumb Code   122  sqrt.o(i.__hardfp_sqrt)
    __kernel_poly                            0x0800def3   Thumb Code   248  poly.o(i.__kernel_poly)
    __mathlib_dbl_divzero                    0x0800dff1   Thumb Code    28  dunder.o(i.__mathlib_dbl_divzero)
    __mathlib_dbl_infnan2                    0x0800e021   Thumb Code    20  dunder.o(i.__mathlib_dbl_infnan2)
    __mathlib_dbl_invalid                    0x0800e039   Thumb Code    24  dunder.o(i.__mathlib_dbl_invalid)
    __mathlib_dbl_overflow                   0x0800e059   Thumb Code    24  dunder.o(i.__mathlib_dbl_overflow)
    __mathlib_dbl_underflow                  0x0800e079   Thumb Code    24  dunder.o(i.__mathlib_dbl_underflow)
    _is_digit                                0x0800e099   Thumb Code    14  __printf_wp.o(i._is_digit)
    fabs                                     0x0800e0a7   Thumb Code    24  fabs.o(i.fabs)
    sqrt                                     0x0800e0bf   Thumb Code   110  sqrt.o(i.sqrt)
    _get_lc_numeric                          0x0800e12d   Thumb Code    44  lc_numeric_c.o(locale$$code)
    __aeabi_dneg                             0x0800e159   Thumb Code     0  basic.o(x$fpl$basic)
    _dneg                                    0x0800e159   Thumb Code     6  basic.o(x$fpl$basic)
    __aeabi_fneg                             0x0800e15f   Thumb Code     0  basic.o(x$fpl$basic)
    _fneg                                    0x0800e15f   Thumb Code     6  basic.o(x$fpl$basic)
    _dabs                                    0x0800e165   Thumb Code     6  basic.o(x$fpl$basic)
    _fabs                                    0x0800e16b   Thumb Code     6  basic.o(x$fpl$basic)
    __aeabi_d2f                              0x0800e171   Thumb Code     0  d2f.o(x$fpl$d2f)
    _d2f                                     0x0800e171   Thumb Code    98  d2f.o(x$fpl$d2f)
    __aeabi_dadd                             0x0800e1d5   Thumb Code     0  daddsub_clz.o(x$fpl$dadd)
    _dadd                                    0x0800e1d5   Thumb Code   332  daddsub_clz.o(x$fpl$dadd)
    __fpl_dcheck_NaN1                        0x0800e325   Thumb Code    10  dcheck1.o(x$fpl$dcheck1)
    __fpl_dcmp_Inf                           0x0800e335   Thumb Code    24  dcmpi.o(x$fpl$dcmpinf)
    __aeabi_ddiv                             0x0800e34d   Thumb Code     0  ddiv.o(x$fpl$ddiv)
    _ddiv                                    0x0800e34d   Thumb Code   552  ddiv.o(x$fpl$ddiv)
    __aeabi_d2uiz                            0x0800e5fd   Thumb Code     0  dfixu.o(x$fpl$dfixu)
    _dfixu                                   0x0800e5fd   Thumb Code    90  dfixu.o(x$fpl$dfixu)
    __aeabi_i2d                              0x0800e657   Thumb Code     0  dflt_clz.o(x$fpl$dflt)
    _dflt                                    0x0800e657   Thumb Code    46  dflt_clz.o(x$fpl$dflt)
    __aeabi_ui2d                             0x0800e685   Thumb Code     0  dflt_clz.o(x$fpl$dfltu)
    _dfltu                                   0x0800e685   Thumb Code    38  dflt_clz.o(x$fpl$dfltu)
    __aeabi_cdcmple                          0x0800e6ad   Thumb Code     0  dleqf.o(x$fpl$dleqf)
    _dcmple                                  0x0800e6ad   Thumb Code   120  dleqf.o(x$fpl$dleqf)
    __fpl_dcmple_InfNaN                      0x0800e70f   Thumb Code     0  dleqf.o(x$fpl$dleqf)
    __aeabi_dmul                             0x0800e725   Thumb Code     0  dmul.o(x$fpl$dmul)
    _dmul                                    0x0800e725   Thumb Code   332  dmul.o(x$fpl$dmul)
    __fpl_dnaninf                            0x0800e879   Thumb Code   156  dnaninf.o(x$fpl$dnaninf)
    __fpl_dretinf                            0x0800e915   Thumb Code    12  dretinf.o(x$fpl$dretinf)
    __aeabi_cdrcmple                         0x0800e921   Thumb Code     0  drleqf.o(x$fpl$drleqf)
    _drcmple                                 0x0800e921   Thumb Code   108  drleqf.o(x$fpl$drleqf)
    __aeabi_drsub                            0x0800e98d   Thumb Code     0  daddsub_clz.o(x$fpl$drsb)
    _drsb                                    0x0800e98d   Thumb Code    22  daddsub_clz.o(x$fpl$drsb)
    _dsqrt                                   0x0800e9a5   Thumb Code   404  dsqrt_umaal.o(x$fpl$dsqrt)
    __aeabi_dsub                             0x0800eb3d   Thumb Code     0  daddsub_clz.o(x$fpl$dsub)
    _dsub                                    0x0800eb3d   Thumb Code   464  daddsub_clz.o(x$fpl$dsub)
    __aeabi_f2d                              0x0800ed11   Thumb Code     0  f2d.o(x$fpl$f2d)
    _f2d                                     0x0800ed11   Thumb Code    86  f2d.o(x$fpl$f2d)
    __fpl_fnaninf                            0x0800ed67   Thumb Code   140  fnaninf.o(x$fpl$fnaninf)
    _fp_init                                 0x0800edf3   Thumb Code    10  fpinit.o(x$fpl$fpinit)
    __fplib_config_fpu_vfp                   0x0800edfb   Thumb Code     0  fpinit.o(x$fpl$fpinit)
    __fplib_config_pureend_doubles           0x0800edfb   Thumb Code     0  fpinit.o(x$fpl$fpinit)
    __fpl_fretinf                            0x0800edfd   Thumb Code    10  fretinf.o(x$fpl$fretinf)
    _printf_fp_dec                           0x0800ee07   Thumb Code     4  printf1.o(x$fpl$printf1)
    __fpl_return_NaN                         0x0800ee0b   Thumb Code   100  retnan.o(x$fpl$retnan)
    __ARM_scalbn                             0x0800ee6f   Thumb Code    92  scalbn.o(x$fpl$scalbn)
    __fpl_cmpreturn                          0x0800eecb   Thumb Code    48  trapv.o(x$fpl$trapveneer)
    POINT_COLOR_TBL                          0x0800eefa   Data          10  main.o(.constdata)
    __I$use$fp                               0x0800eefa   Number         0  usenofp.o(x$fpl$usenofp)
    asc2_1206                                0x0800ef04   Data        1140  lcd.o(.constdata)
    asc2_1608                                0x0800f378   Data        1520  lcd.o(.constdata)
    asc2_2412                                0x0800f968   Data        3420  lcd.o(.constdata)
    GT9147_CFG_TBL                           0x080106c4   Data         184  gt9147.o(.constdata)
    GT9147_TPX_TBL                           0x0801077c   Data          10  gt9147.o(.constdata)
    OTT_TPX_TBL                              0x08010786   Data          10  ott2001a.o(.constdata)
    FT5206_TPX_TBL                           0x08010790   Data          10  ft5206.o(.constdata)
    TP_REMIND_MSG_TBL                        0x0801079c   Data           4  touch.o(.constdata)
    FSMC_DefaultTimingStruct                 0x080107a0   Data          28  stm32f4xx_fsmc.o(.constdata)
    __mathlib_zero                           0x08010870   Data           8  qnan.o(.constdata)
    Region$$Table$$Base                      0x08010988   Number         0  anon$$obj.o(Region$$Table)
    Region$$Table$$Limit                     0x080109a8   Number         0  anon$$obj.o(Region$$Table)
    statusRegister                           0x20000000   Data           2  main.o(.data)
    controlRegister1                         0x20000002   Data           2  main.o(.data)
    emissivity                               0x20000004   Data           4  main.o(.data)
    Vdd                                      0x20000008   Data           4  main.o(.data)
    Ta                                       0x2000000c   Data           4  main.o(.data)
    tr                                       0x20000010   Data           4  main.o(.data)
    Frame0Ok                                 0x20000014   Data           1  main.o(.data)
    Frame1Ok                                 0x20000015   Data           1  main.o(.data)
    i                                        0x20000018   Data           4  main.o(.data)
    colIndex                                 0x2000001c   Data           4  main.o(.data)
    rowIndex                                 0x20000020   Data           4  main.o(.data)
    colCount                                 0x20000024   Data           4  main.o(.data)
    rowCount                                 0x20000028   Data           4  main.o(.data)
    pixCount                                 0x2000002c   Data           4  main.o(.data)
    Color                                    0x20000030   Data           4  main.o(.data)
    colorI16                                 0x20000034   Data           2  main.o(.data)
    SystemCoreClock                          0x20000038   Data           4  system_stm32f4xx.o(.data)
    AHBPrescTable                            0x2000003c   Data          16  system_stm32f4xx.o(.data)
    POINT_COLOR                              0x2000004c   Data           2  lcd.o(.data)
    BACK_COLOR                               0x2000004e   Data           2  lcd.o(.data)
    tp_dev                                   0x20000054   Data          52  touch.o(.data)
    CMD_RDX                                  0x20000088   Data           1  touch.o(.data)
    CMD_RDY                                  0x20000089   Data           1  touch.o(.data)
    __stdout                                 0x20000090   Data           4  usart.o(.data)
    USART_RX_STA                             0x20000094   Data           2  usart.o(.data)
    Datas_n16                                0x200000a8   Data        1668  main.o(.bss)
    mlx90640Pars                             0x2000072c   Data       10864  main.o(.bss)
    mlx90640To                               0x2000319c   Data        3072  main.o(.bss)
    mlxTemp_Interpolation1                   0x20003d9c   Data       49152  main.o(.bss)
    lcddev                                   0x2000fd9c   Data          14  lcd.o(.bss)
    USART_RX_BUF                             0x2000fdaa   Data         200  usart.o(.bss)
    __libspace_start                         0x2000fe74   Data          96  libspace.o(.bss)
    __temporary_stack_top$libspace           0x2000fed4   Data           0  libspace.o(.bss)



==============================================================================

Memory Map of the image

  Image Entry point : 0x08000189

  Load Region LR_IROM1 (Base: 0x08000000, Size: 0x00010a6c, Max: 0x00100000, ABSOLUTE)

    Execution Region ER_IROM1 (Exec base: 0x08000000, Load base: 0x08000000, Size: 0x000109c4, Max: 0x00100000, ABSOLUTE)

    Exec Addr    Load Addr    Size         Type   Attr      Idx    E Section Name        Object

    0x08000000   0x08000000   0x00000188   Data   RO          622    RESET               startup_stm32f40_41xxx.o
    0x08000188   0x08000188   0x00000008   Code   RO          822  * !!!main             c_w.l(__main.o)
    0x08000190   0x08000190   0x00000034   Code   RO         1148    !!!scatter          c_w.l(__scatter.o)
    0x080001c4   0x080001c4   0x0000001a   Code   RO         1150    !!handler_copy      c_w.l(__scatter_copy.o)
    0x080001de   0x080001de   0x00000002   PAD
    0x080001e0   0x080001e0   0x0000001c   Code   RO         1152    !!handler_zi        c_w.l(__scatter_zi.o)
    0x080001fc   0x080001fc   0x00000000   Code   RO          817    .ARM.Collect$$_printf_percent$$00000000  c_w.l(_printf_percent.o)
    0x080001fc   0x080001fc   0x00000006   Code   RO          816    .ARM.Collect$$_printf_percent$$00000003  c_w.l(_printf_f.o)
    0x08000202   0x08000202   0x00000006   Code   RO          815    .ARM.Collect$$_printf_percent$$00000009  c_w.l(_printf_d.o)
    0x08000208   0x08000208   0x00000006   Code   RO          814    .ARM.Collect$$_printf_percent$$0000000C  c_w.l(_printf_x.o)
    0x0800020e   0x0800020e   0x00000006   Code   RO          813    .ARM.Collect$$_printf_percent$$00000014  c_w.l(_printf_s.o)
    0x08000214   0x08000214   0x00000004   Code   RO          905    .ARM.Collect$$_printf_percent$$00000017  c_w.l(_printf_percent_end.o)
    0x08000218   0x08000218   0x00000002   Code   RO         1021    .ARM.Collect$$libinit$$00000000  c_w.l(libinit.o)
    0x0800021a   0x0800021a   0x00000004   Code   RO         1022    .ARM.Collect$$libinit$$00000001  c_w.l(libinit2.o)
    0x0800021e   0x0800021e   0x00000000   Code   RO         1025    .ARM.Collect$$libinit$$00000004  c_w.l(libinit2.o)
    0x0800021e   0x0800021e   0x00000000   Code   RO         1028    .ARM.Collect$$libinit$$0000000A  c_w.l(libinit2.o)
    0x0800021e   0x0800021e   0x00000000   Code   RO         1030    .ARM.Collect$$libinit$$0000000C  c_w.l(libinit2.o)
    0x0800021e   0x0800021e   0x00000000   Code   RO         1032    .ARM.Collect$$libinit$$0000000E  c_w.l(libinit2.o)
    0x0800021e   0x0800021e   0x00000006   Code   RO         1033    .ARM.Collect$$libinit$$0000000F  c_w.l(libinit2.o)
    0x08000224   0x08000224   0x00000000   Code   RO         1035    .ARM.Collect$$libinit$$00000011  c_w.l(libinit2.o)
    0x08000224   0x08000224   0x00000000   Code   RO         1037    .ARM.Collect$$libinit$$00000013  c_w.l(libinit2.o)
    0x08000224   0x08000224   0x00000000   Code   RO         1039    .ARM.Collect$$libinit$$00000015  c_w.l(libinit2.o)
    0x08000224   0x08000224   0x0000000a   Code   RO         1040    .ARM.Collect$$libinit$$00000016  c_w.l(libinit2.o)
    0x0800022e   0x0800022e   0x00000000   Code   RO         1041    .ARM.Collect$$libinit$$00000017  c_w.l(libinit2.o)
    0x0800022e   0x0800022e   0x00000000   Code   RO         1043    .ARM.Collect$$libinit$$00000019  c_w.l(libinit2.o)
    0x0800022e   0x0800022e   0x00000000   Code   RO         1045    .ARM.Collect$$libinit$$0000001B  c_w.l(libinit2.o)
    0x0800022e   0x0800022e   0x00000000   Code   RO         1047    .ARM.Collect$$libinit$$0000001D  c_w.l(libinit2.o)
    0x0800022e   0x0800022e   0x00000000   Code   RO         1049    .ARM.Collect$$libinit$$0000001F  c_w.l(libinit2.o)
    0x0800022e   0x0800022e   0x00000000   Code   RO         1051    .ARM.Collect$$libinit$$00000021  c_w.l(libinit2.o)
    0x0800022e   0x0800022e   0x00000000   Code   RO         1053    .ARM.Collect$$libinit$$00000023  c_w.l(libinit2.o)
    0x0800022e   0x0800022e   0x00000000   Code   RO         1055    .ARM.Collect$$libinit$$00000025  c_w.l(libinit2.o)
    0x0800022e   0x0800022e   0x00000000   Code   RO         1059    .ARM.Collect$$libinit$$0000002C  c_w.l(libinit2.o)
    0x0800022e   0x0800022e   0x00000000   Code   RO         1061    .ARM.Collect$$libinit$$0000002E  c_w.l(libinit2.o)
    0x0800022e   0x0800022e   0x00000000   Code   RO         1063    .ARM.Collect$$libinit$$00000030  c_w.l(libinit2.o)
    0x0800022e   0x0800022e   0x00000000   Code   RO         1065    .ARM.Collect$$libinit$$00000032  c_w.l(libinit2.o)
    0x0800022e   0x0800022e   0x00000002   Code   RO         1066    .ARM.Collect$$libinit$$00000033  c_w.l(libinit2.o)
    0x08000230   0x08000230   0x00000002   Code   RO         1098    .ARM.Collect$$libshutdown$$00000000  c_w.l(libshutdown.o)
    0x08000232   0x08000232   0x00000000   Code   RO         1107    .ARM.Collect$$libshutdown$$00000002  c_w.l(libshutdown2.o)
    0x08000232   0x08000232   0x00000000   Code   RO         1109    .ARM.Collect$$libshutdown$$00000004  c_w.l(libshutdown2.o)
    0x08000232   0x08000232   0x00000000   Code   RO         1112    .ARM.Collect$$libshutdown$$00000007  c_w.l(libshutdown2.o)
    0x08000232   0x08000232   0x00000000   Code   RO         1115    .ARM.Collect$$libshutdown$$0000000A  c_w.l(libshutdown2.o)
    0x08000232   0x08000232   0x00000000   Code   RO         1117    .ARM.Collect$$libshutdown$$0000000C  c_w.l(libshutdown2.o)
    0x08000232   0x08000232   0x00000000   Code   RO         1120    .ARM.Collect$$libshutdown$$0000000F  c_w.l(libshutdown2.o)
    0x08000232   0x08000232   0x00000002   Code   RO         1121    .ARM.Collect$$libshutdown$$00000010  c_w.l(libshutdown2.o)
    0x08000234   0x08000234   0x00000000   Code   RO          890    .ARM.Collect$$rtentry$$00000000  c_w.l(__rtentry.o)
    0x08000234   0x08000234   0x00000000   Code   RO          943    .ARM.Collect$$rtentry$$00000002  c_w.l(__rtentry2.o)
    0x08000234   0x08000234   0x00000006   Code   RO          955    .ARM.Collect$$rtentry$$00000004  c_w.l(__rtentry4.o)
    0x0800023a   0x0800023a   0x00000000   Code   RO          945    .ARM.Collect$$rtentry$$00000009  c_w.l(__rtentry2.o)
    0x0800023a   0x0800023a   0x00000004   Code   RO          946    .ARM.Collect$$rtentry$$0000000A  c_w.l(__rtentry2.o)
    0x0800023e   0x0800023e   0x00000000   Code   RO          948    .ARM.Collect$$rtentry$$0000000C  c_w.l(__rtentry2.o)
    0x0800023e   0x0800023e   0x00000008   Code   RO          949    .ARM.Collect$$rtentry$$0000000D  c_w.l(__rtentry2.o)
    0x08000246   0x08000246   0x00000002   Code   RO         1069    .ARM.Collect$$rtexit$$00000000  c_w.l(rtexit.o)
    0x08000248   0x08000248   0x00000000   Code   RO         1078    .ARM.Collect$$rtexit$$00000002  c_w.l(rtexit2.o)
    0x08000248   0x08000248   0x00000004   Code   RO         1079    .ARM.Collect$$rtexit$$00000003  c_w.l(rtexit2.o)
    0x0800024c   0x0800024c   0x00000006   Code   RO         1080    .ARM.Collect$$rtexit$$00000004  c_w.l(rtexit2.o)
    0x08000252   0x08000252   0x00000002   PAD
    0x08000254   0x08000254   0x000007bc   Code   RO            3    .text               main.o
    0x08000a10   0x08000a10   0x0000001a   Code   RO          184    .text               stm32f4xx_it.o
    0x08000a2a   0x08000a2a   0x00000002   PAD
    0x08000a2c   0x08000a2c   0x00000210   Code   RO          233    .text               system_stm32f4xx.o
    0x08000c3c   0x08000c3c   0x00000040   Code   RO          259    .text               led.o
    0x08000c7c   0x08000c7c   0x00004c64   Code   RO          279    .text               lcd.o
    0x080058e0   0x080058e0   0x00000104   Code   RO          317    .text               key.o
    0x080059e4   0x080059e4   0x000002a4   Code   RO          338    .text               myiic.o
    0x08005c88   0x08005c88   0x0000017a   Code   RO          358    .text               24cxx.o
    0x08005e02   0x08005e02   0x00000002   PAD
    0x08005e04   0x08005e04   0x00000254   Code   RO          381    .text               ctiic.o
    0x08006058   0x08006058   0x00000448   Code   RO          404    .text               gt9147.o
    0x080064a0   0x080064a0   0x00000388   Code   RO          431    .text               ott2001a.o
    0x08006828   0x08006828   0x0000032c   Code   RO          455    .text               ft5206.o
    0x08006b54   0x08006b54   0x000010e0   Code   RO          479    .text               touch.o
    0x08007c34   0x08007c34   0x000023cc   Code   RO          511    .text               mlx90640.o
    0x0800a000   0x0800a000   0x000008b0   Code   RO          531    .text               mlx90640_exfun.o
    0x0800a8b0   0x0800a8b0   0x00000104   Code   RO          551    .text               delay.o
    0x0800a9b4   0x0800a9b4   0x00000148   Code   RO          591    .text               usart.o
    0x0800aafc   0x0800aafc   0x00000040   Code   RO          623    .text               startup_stm32f40_41xxx.o
    0x0800ab3c   0x0800ab3c   0x000000e0   Code   RO          629    .text               misc.o
    0x0800ac1c   0x0800ac1c   0x00000294   Code   RO          649    .text               stm32f4xx_gpio.o
    0x0800aeb0   0x0800aeb0   0x000005c8   Code   RO          669    .text               stm32f4xx_fsmc.o
    0x0800b478   0x0800b478   0x0000065c   Code   RO          692    .text               stm32f4xx_rcc.o
    0x0800bad4   0x0800bad4   0x00000454   Code   RO          734    .text               stm32f4xx_usart.o
    0x0800bf28   0x0800bf28   0x00000002   Code   RO          754    .text               c_w.l(use_no_semi_2.o)
    0x0800bf2a   0x0800bf2a   0x00000002   PAD
    0x0800bf2c   0x0800bf2c   0x00000018   Code   RO          760    .text               c_w.l(noretval__2printf.o)
    0x0800bf44   0x0800bf44   0x00000028   Code   RO          762    .text               c_w.l(noretval__2sprintf.o)
    0x0800bf6c   0x0800bf6c   0x0000004e   Code   RO          766    .text               c_w.l(_printf_pad.o)
    0x0800bfba   0x0800bfba   0x00000052   Code   RO          768    .text               c_w.l(_printf_str.o)
    0x0800c00c   0x0800c00c   0x00000078   Code   RO          770    .text               c_w.l(_printf_dec.o)
    0x0800c084   0x0800c084   0x00000058   Code   RO          775    .text               c_w.l(_printf_hex_int.o)
    0x0800c0dc   0x0800c0dc   0x0000010e   Code   RO          801    .text               c_w.l(__printf_wp.o)
    0x0800c1ea   0x0800c1ea   0x00000002   PAD
    0x0800c1ec   0x0800c1ec   0x00000080   Code   RO          818    .text               c_w.l(strcmpv7m.o)
    0x0800c26c   0x0800c26c   0x00000006   Code   RO          820    .text               c_w.l(heapauxi.o)
    0x0800c272   0x0800c272   0x00000002   Code   RO          888    .text               c_w.l(use_no_semi.o)
    0x0800c274   0x0800c274   0x00000016   Code   RO          891    .text               c_w.l(_rserrno.o)
    0x0800c28a   0x0800c28a   0x000000b2   Code   RO          893    .text               c_w.l(_printf_intcommon.o)
    0x0800c33c   0x0800c33c   0x0000041e   Code   RO          895    .text               c_w.l(_printf_fp_dec.o)
    0x0800c75a   0x0800c75a   0x00000002   PAD
    0x0800c75c   0x0800c75c   0x00000030   Code   RO          897    .text               c_w.l(_printf_char_common.o)
    0x0800c78c   0x0800c78c   0x0000000a   Code   RO          899    .text               c_w.l(_sputc.o)
    0x0800c796   0x0800c796   0x0000002c   Code   RO          901    .text               c_w.l(_printf_char.o)
    0x0800c7c2   0x0800c7c2   0x00000002   PAD
    0x0800c7c4   0x0800c7c4   0x00000024   Code   RO          903    .text               c_w.l(_printf_char_file.o)
    0x0800c7e8   0x0800c7e8   0x00000008   Code   RO          960    .text               c_w.l(rt_locale_intlibspace.o)
    0x0800c7f0   0x0800c7f0   0x00000008   Code   RO          965    .text               c_w.l(rt_errno_addr_intlibspace.o)
    0x0800c7f8   0x0800c7f8   0x0000008a   Code   RO          967    .text               c_w.l(lludiv10.o)
    0x0800c882   0x0800c882   0x00000002   PAD
    0x0800c884   0x0800c884   0x00000080   Code   RO          969    .text               c_w.l(_printf_fp_infnan.o)
    0x0800c904   0x0800c904   0x000000e4   Code   RO          973    .text               c_w.l(bigflt0.o)
    0x0800c9e8   0x0800c9e8   0x00000008   Code   RO          998    .text               c_w.l(ferror.o)
    0x0800c9f0   0x0800c9f0   0x00000008   Code   RO         1009    .text               c_w.l(libspace.o)
    0x0800c9f8   0x0800c9f8   0x0000004a   Code   RO         1012    .text               c_w.l(sys_stackheap_outer.o)
    0x0800ca42   0x0800ca42   0x00000012   Code   RO         1014    .text               c_w.l(exit.o)
    0x0800ca54   0x0800ca54   0x0000003e   Code   RO          976    CL$$btod_d2e        c_w.l(btod.o)
    0x0800ca92   0x0800ca92   0x00000046   Code   RO          978    CL$$btod_d2e_denorm_low  c_w.l(btod.o)
    0x0800cad8   0x0800cad8   0x00000060   Code   RO          977    CL$$btod_d2e_norm_op1  c_w.l(btod.o)
    0x0800cb38   0x0800cb38   0x00000338   Code   RO          986    CL$$btod_div_common  c_w.l(btod.o)
    0x0800ce70   0x0800ce70   0x000000dc   Code   RO          983    CL$$btod_e2e        c_w.l(btod.o)
    0x0800cf4c   0x0800cf4c   0x0000002a   Code   RO          980    CL$$btod_ediv       c_w.l(btod.o)
    0x0800cf76   0x0800cf76   0x0000002a   Code   RO          979    CL$$btod_emul       c_w.l(btod.o)
    0x0800cfa0   0x0800cfa0   0x00000244   Code   RO          985    CL$$btod_mult_common  c_w.l(btod.o)
    0x0800d1e4   0x0800d1e4   0x00000030   Code   RO          937    i.__ARM_fpclassify  m_wm.l(fpclassify.o)
    0x0800d214   0x0800d214   0x00000014   Code   RO          856    i.__hardfp_fabs     m_wm.l(fabs.o)
    0x0800d228   0x0800d228   0x00000c50   Code   RO          862    i.__hardfp_pow      m_wm.l(pow.o)
    0x0800de78   0x0800de78   0x0000007a   Code   RO          876    i.__hardfp_sqrt     m_wm.l(sqrt.o)
    0x0800def2   0x0800def2   0x000000f8   Code   RO          939    i.__kernel_poly     m_wm.l(poly.o)
    0x0800dfea   0x0800dfea   0x00000006   PAD
    0x0800dff0   0x0800dff0   0x00000030   Code   RO          923    i.__mathlib_dbl_divzero  m_wm.l(dunder.o)
    0x0800e020   0x0800e020   0x00000014   Code   RO          925    i.__mathlib_dbl_infnan2  m_wm.l(dunder.o)
    0x0800e034   0x0800e034   0x00000004   PAD
    0x0800e038   0x0800e038   0x00000020   Code   RO          926    i.__mathlib_dbl_invalid  m_wm.l(dunder.o)
    0x0800e058   0x0800e058   0x00000020   Code   RO          927    i.__mathlib_dbl_overflow  m_wm.l(dunder.o)
    0x0800e078   0x0800e078   0x00000020   Code   RO          929    i.__mathlib_dbl_underflow  m_wm.l(dunder.o)
    0x0800e098   0x0800e098   0x0000000e   Code   RO          803    i._is_digit         c_w.l(__printf_wp.o)
    0x0800e0a6   0x0800e0a6   0x00000018   Code   RO          858    i.fabs              m_wm.l(fabs.o)
    0x0800e0be   0x0800e0be   0x0000006e   Code   RO          878    i.sqrt              m_wm.l(sqrt.o)
    0x0800e12c   0x0800e12c   0x0000002c   Code   RO         1003    locale$$code        c_w.l(lc_numeric_c.o)
    0x0800e158   0x0800e158   0x00000018   Code   RO          906    x$fpl$basic         fz_wm.l(basic.o)
    0x0800e170   0x0800e170   0x00000062   Code   RO          824    x$fpl$d2f           fz_wm.l(d2f.o)
    0x0800e1d2   0x0800e1d2   0x00000002   PAD
    0x0800e1d4   0x0800e1d4   0x00000150   Code   RO          826    x$fpl$dadd          fz_wm.l(daddsub_clz.o)
    0x0800e324   0x0800e324   0x00000010   Code   RO         1005    x$fpl$dcheck1       fz_wm.l(dcheck1.o)
    0x0800e334   0x0800e334   0x00000018   Code   RO          908    x$fpl$dcmpinf       fz_wm.l(dcmpi.o)
    0x0800e34c   0x0800e34c   0x000002b0   Code   RO          833    x$fpl$ddiv          fz_wm.l(ddiv.o)
    0x0800e5fc   0x0800e5fc   0x0000005a   Code   RO          836    x$fpl$dfixu         fz_wm.l(dfixu.o)
    0x0800e656   0x0800e656   0x0000002e   Code   RO          841    x$fpl$dflt          fz_wm.l(dflt_clz.o)
    0x0800e684   0x0800e684   0x00000026   Code   RO          840    x$fpl$dfltu         fz_wm.l(dflt_clz.o)
    0x0800e6aa   0x0800e6aa   0x00000002   PAD
    0x0800e6ac   0x0800e6ac   0x00000078   Code   RO          846    x$fpl$dleqf         fz_wm.l(dleqf.o)
    0x0800e724   0x0800e724   0x00000154   Code   RO          848    x$fpl$dmul          fz_wm.l(dmul.o)
    0x0800e878   0x0800e878   0x0000009c   Code   RO          910    x$fpl$dnaninf       fz_wm.l(dnaninf.o)
    0x0800e914   0x0800e914   0x0000000c   Code   RO          912    x$fpl$dretinf       fz_wm.l(dretinf.o)
    0x0800e920   0x0800e920   0x0000006c   Code   RO          850    x$fpl$drleqf        fz_wm.l(drleqf.o)
    0x0800e98c   0x0800e98c   0x00000016   Code   RO          827    x$fpl$drsb          fz_wm.l(daddsub_clz.o)
    0x0800e9a2   0x0800e9a2   0x00000002   PAD
    0x0800e9a4   0x0800e9a4   0x00000198   Code   RO          914    x$fpl$dsqrt         fz_wm.l(dsqrt_umaal.o)
    0x0800eb3c   0x0800eb3c   0x000001d4   Code   RO          828    x$fpl$dsub          fz_wm.l(daddsub_clz.o)
    0x0800ed10   0x0800ed10   0x00000056   Code   RO          852    x$fpl$f2d           fz_wm.l(f2d.o)
    0x0800ed66   0x0800ed66   0x0000008c   Code   RO          916    x$fpl$fnaninf       fz_wm.l(fnaninf.o)
    0x0800edf2   0x0800edf2   0x0000000a   Code   RO         1073    x$fpl$fpinit        fz_wm.l(fpinit.o)
    0x0800edfc   0x0800edfc   0x0000000a   Code   RO          918    x$fpl$fretinf       fz_wm.l(fretinf.o)
    0x0800ee06   0x0800ee06   0x00000004   Code   RO          854    x$fpl$printf1       fz_wm.l(printf1.o)
    0x0800ee0a   0x0800ee0a   0x00000064   Code   RO         1067    x$fpl$retnan        fz_wm.l(retnan.o)
    0x0800ee6e   0x0800ee6e   0x0000005c   Code   RO          920    x$fpl$scalbn        fz_wm.l(scalbn.o)
    0x0800eeca   0x0800eeca   0x00000030   Code   RO         1075    x$fpl$trapveneer    fz_wm.l(trapv.o)
    0x0800eefa   0x0800eefa   0x00000000   Code   RO          922    x$fpl$usenofp       fz_wm.l(usenofp.o)
    0x0800eefa   0x0800eefa   0x0000000a   Data   RO            5    .constdata          main.o
    0x0800ef04   0x0800ef04   0x000017c0   Data   RO          281    .constdata          lcd.o
    0x080106c4   0x080106c4   0x000000c2   Data   RO          405    .constdata          gt9147.o
    0x08010786   0x08010786   0x0000000a   Data   RO          432    .constdata          ott2001a.o
    0x08010790   0x08010790   0x0000000a   Data   RO          456    .constdata          ft5206.o
    0x0801079a   0x0801079a   0x00000002   PAD
    0x0801079c   0x0801079c   0x00000004   Data   RO          480    .constdata          touch.o
    0x080107a0   0x080107a0   0x0000001c   Data   RO          670    .constdata          stm32f4xx_fsmc.o
    0x080107bc   0x080107bc   0x00000028   Data   RO          776    .constdata          c_w.l(_printf_hex_int.o)
    0x080107e4   0x080107e4   0x00000004   PAD
    0x080107e8   0x080107e8   0x00000088   Data   RO          865    .constdata          m_wm.l(pow.o)
    0x08010870   0x08010870   0x00000008   Data   RO          941    .constdata          m_wm.l(qnan.o)
    0x08010878   0x08010878   0x00000094   Data   RO          974    .constdata          c_w.l(bigflt0.o)
    0x0801090c   0x0801090c   0x00000079   Data   RO          481    .conststring        touch.o
    0x08010985   0x08010985   0x00000003   PAD
    0x08010988   0x08010988   0x00000020   Data   RO         1146    Region$$Table       anon$$obj.o
    0x080109a8   0x080109a8   0x0000001c   Data   RO         1002    locale$$data        c_w.l(lc_numeric_c.o)


    Execution Region RW_IRAM1 (Exec base: 0x20000000, Load base: 0x080109c4, Size: 0x000104d8, Max: 0x00020000, ABSOLUTE)

    Exec Addr    Load Addr    Size         Type   Attr      Idx    E Section Name        Object

    0x20000000   0x080109c4   0x00000036   Data   RW            6    .data               main.o
    0x20000036   0x080109fa   0x00000002   PAD
    0x20000038   0x080109fc   0x00000014   Data   RW          234    .data               system_stm32f4xx.o
    0x2000004c   0x08010a10   0x00000004   Data   RW          282    .data               lcd.o
    0x20000050   0x08010a14   0x00000001   Data   RW          318    .data               key.o
    0x20000051   0x08010a15   0x00000001   Data   RW          406    .data               gt9147.o
    0x20000052   0x08010a16   0x00000001   Data   RW          433    .data               ott2001a.o
    0x20000053   0x08010a17   0x00000001   Data   RW          457    .data               ft5206.o
    0x20000054   0x08010a18   0x00000036   Data   RW          482    .data               touch.o
    0x2000008a   0x08010a4e   0x00000004   Data   RW          552    .data               delay.o
    0x2000008e   0x08010a52   0x00000002   PAD
    0x20000090   0x08010a54   0x00000006   Data   RW          593    .data               usart.o
    0x20000096   0x08010a5a   0x00000010   Data   RW          693    .data               stm32f4xx_rcc.o
    0x200000a6   0x08010a6a   0x00000002   PAD
    0x200000a8        -       0x0000fcf4   Zero   RW            4    .bss                main.o
    0x2000fd9c        -       0x0000000e   Zero   RW          280    .bss                lcd.o
    0x2000fdaa        -       0x000000c8   Zero   RW          592    .bss                usart.o
    0x2000fe72   0x08010a6a   0x00000002   PAD
    0x2000fe74        -       0x00000060   Zero   RW         1010    .bss                c_w.l(libspace.o)
    0x2000fed4   0x08010a6a   0x00000004   PAD
    0x2000fed8        -       0x00000200   Zero   RW          621    HEAP                startup_stm32f40_41xxx.o
    0x200100d8        -       0x00000400   Zero   RW          620    STACK               startup_stm32f40_41xxx.o


==============================================================================

Image component sizes


      Code (inc. data)   RO Data    RW Data    ZI Data      Debug   Object Name

       378          0          0          0          0       3022   24cxx.o
       596         24          0          0          0       2185   ctiic.o
       260          8          0          4          0       1689   delay.o
       812         40         10          1          0       2843   ft5206.o
      1096         78        194          1          0       3398   gt9147.o
       260         12          0          1          0        980   key.o
     19556        156       6080          4         14      23378   lcd.o
        64          4          0          0          0        627   led.o
      1980        222         10         54      64756     276975   main.o
       224         20          0          0          0       2021   misc.o
      9164        180          0          0          0      17163   mlx90640.o
      2224         12          0          0          0       4357   mlx90640_exfun.o
       676         14          0          0          0       2261   myiic.o
       904         66         10          1          0       3055   ott2001a.o
        64         26        392          0       1536        900   startup_stm32f40_41xxx.o
      1480         18         28          0          0       5954   stm32f4xx_fsmc.o
       660         44          0          0          0       4361   stm32f4xx_gpio.o
        26          0          0          0          0       1322   stm32f4xx_it.o
      1628         52          0         16          0      13340   stm32f4xx_rcc.o
      1108         34          0          0          0       8084   stm32f4xx_usart.o
       528         46          0         20          0       2083   system_stm32f4xx.o
      4320        228        125         54          0       7265   touch.o
       328         16          0          6        200       3594   usart.o

    ----------------------------------------------------------------------
     48340       1300       6886        168      66508     390857   Object Totals
         0          0         32          0          0          0   (incl. Generated)
         4          0          5          6          2          0   (incl. Padding)

    ----------------------------------------------------------------------

      Code (inc. data)   RO Data    RW Data    ZI Data      Debug   Library Member Name

         8          0          0          0          0         68   __main.o
       284          0          0          0          0        156   __printf_wp.o
         0          0          0          0          0          0   __rtentry.o
        12          0          0          0          0          0   __rtentry2.o
         6          0          0          0          0          0   __rtentry4.o
        52          8          0          0          0          0   __scatter.o
        26          0          0          0          0          0   __scatter_copy.o
        28          0          0          0          0          0   __scatter_zi.o
        44          0          0          0          0        108   _printf_char.o
        48          6          0          0          0         96   _printf_char_common.o
        36          4          0          0          0         80   _printf_char_file.o
         6          0          0          0          0          0   _printf_d.o
       120         16          0          0          0         92   _printf_dec.o
         6          0          0          0          0          0   _printf_f.o
      1054          0          0          0          0        216   _printf_fp_dec.o
       128         16          0          0          0         84   _printf_fp_infnan.o
        88          4         40          0          0         88   _printf_hex_int.o
       178          0          0          0          0         88   _printf_intcommon.o
        78          0          0          0          0        108   _printf_pad.o
         0          0          0          0          0          0   _printf_percent.o
         4          0          0          0          0          0   _printf_percent_end.o
         6          0          0          0          0          0   _printf_s.o
        82          0          0          0          0         80   _printf_str.o
         6          0          0          0          0          0   _printf_x.o
        22          0          0          0          0        100   _rserrno.o
        10          0          0          0          0         68   _sputc.o
       228          4        148          0          0         96   bigflt0.o
      1936        128          0          0          0        672   btod.o
        18          0          0          0          0         80   exit.o
         8          0          0          0          0         68   ferror.o
         6          0          0          0          0        152   heapauxi.o
        44         10         28          0          0         76   lc_numeric_c.o
         2          0          0          0          0          0   libinit.o
        22          0          0          0          0          0   libinit2.o
         2          0          0          0          0          0   libshutdown.o
         2          0          0          0          0          0   libshutdown2.o
         8          4          0          0         96         68   libspace.o
       138          0          0          0          0         80   lludiv10.o
        24          4          0          0          0         84   noretval__2printf.o
        40          6          0          0          0         84   noretval__2sprintf.o
         8          4          0          0          0         68   rt_errno_addr_intlibspace.o
         8          4          0          0          0         68   rt_locale_intlibspace.o
         2          0          0          0          0          0   rtexit.o
        10          0          0          0          0          0   rtexit2.o
       128          0          0          0          0         68   strcmpv7m.o
        74          0          0          0          0         80   sys_stackheap_outer.o
         2          0          0          0          0         68   use_no_semi.o
         2          0          0          0          0         68   use_no_semi_2.o
        24          0          0          0          0        164   basic.o
        98          4          0          0          0        140   d2f.o
       826         16          0          0          0        492   daddsub_clz.o
        16          4          0          0          0        116   dcheck1.o
        24          0          0          0          0        116   dcmpi.o
       688        140          0          0          0        256   ddiv.o
        90          4          0          0          0        140   dfixu.o
        84          0          0          0          0        232   dflt_clz.o
       120          4          0          0          0        140   dleqf.o
       340         12          0          0          0        152   dmul.o
       156          4          0          0          0        140   dnaninf.o
        12          0          0          0          0        116   dretinf.o
       108          0          0          0          0        128   drleqf.o
       408         56          0          0          0        168   dsqrt_umaal.o
        86          4          0          0          0        132   f2d.o
       140          4          0          0          0        132   fnaninf.o
        10          0          0          0          0        116   fpinit.o
        10          0          0          0          0        116   fretinf.o
         4          0          0          0          0        116   printf1.o
       100          0          0          0          0        116   retnan.o
        92          0          0          0          0        116   scalbn.o
        48          0          0          0          0        116   trapv.o
         0          0          0          0          0          0   usenofp.o
       164         44          0          0          0        620   dunder.o
        44          0          0          0          0        248   fabs.o
        48          0          0          0          0        124   fpclassify.o
       248          0          0          0          0        152   poly.o
      3152        296        136          0          0        352   pow.o
         0          0          8          0          0          0   qnan.o
       232          0          0          0          0        296   sqrt.o

    ----------------------------------------------------------------------
     12446        810        364          0        100       8564   Library Totals
        30          0          4          0          4          0   (incl. Padding)

    ----------------------------------------------------------------------

      Code (inc. data)   RO Data    RW Data    ZI Data      Debug   Library Name

      5044        218        216          0         96       3312   c_w.l
      3484        252          0          0          0       3460   fz_wm.l
      3888        340        144          0          0       1792   m_wm.l

    ----------------------------------------------------------------------
     12446        810        364          0        100       8564   Library Totals

    ----------------------------------------------------------------------

==============================================================================


      Code (inc. data)   RO Data    RW Data    ZI Data      Debug   

     60786       2110       7250        168      66608     390101   Grand Totals
     60786       2110       7250        168      66608     390101   ELF Image Totals
     60786       2110       7250        168          0          0   ROM Totals

==============================================================================

    Total RO  Size (Code + RO Data)                68036 (  66.44kB)
    Total RW  Size (RW Data + ZI Data)             66776 (  65.21kB)
    Total ROM Size (Code + RO Data + RW Data)      68204 (  66.61kB)

==============================================================================

